MPLINK 5.08, LINKER
Linker Map File - Created Thu Feb 17 07:57:18 2022

                                 Section Info
                  Section       Type    Address   Location Size(Bytes)
                ---------  ---------  ---------  ---------  ---------
                   .org_0       code   0x000000    program   0x000000
                   .org_1       code   0x000000    program   0x000086
                   .cinit    romdata   0x000086    program   0x000002
.config_300001_BUILD/DEFAULT/DEBUG/LAB3P5.O    romdata   0x300001    program   0x000001
.config_300002_BUILD/DEFAULT/DEBUG/LAB3P5.O    romdata   0x300002    program   0x000001
.config_300003_BUILD/DEFAULT/DEBUG/LAB3P5.O    romdata   0x300003    program   0x000001
.config_300006_BUILD/DEFAULT/DEBUG/LAB3P5.O    romdata   0x300006    program   0x000001



                              Program Memory Usage 
                               Start         End      
                           ---------   ---------      
                            0x000000    0x000087      
                            0x300001    0x300003      
                            0x300006    0x300006      
            140 out of 66584 program addresses used, program memory utilization is 0%



                              Symbols - Sorted by Name
                     Name    Address   Location    Storage File                     
                ---------  ---------  ---------  --------- ---------                
            DELAY_ONE_SEC   0x000070    program     static D:\Documents\MPLABXProjects\ECE3301L\LAB3\Part5\Lab3p5.X\Lab3p5.asm
                 FOR_LOOP   0x000058    program     static D:\Documents\MPLABXProjects\ECE3301L\LAB3\Part5\Lab3p5.X\Lab3p5.asm
             LOOP_1_INNER   0x00007a    program     static D:\Documents\MPLABXProjects\ECE3301L\LAB3\Part5\Lab3p5.X\Lab3p5.asm
             LOOP_1_OUTER   0x000074    program     static D:\Documents\MPLABXProjects\ECE3301L\LAB3\Part5\Lab3p5.X\Lab3p5.asm
                MAIN_LOOP   0x00002c    program     static D:\Documents\MPLABXProjects\ECE3301L\LAB3\Part5\Lab3p5.X\Lab3p5.asm
                    START   0x000000    program     static D:\Documents\MPLABXProjects\ECE3301L\LAB3\Part5\Lab3p5.X\Lab3p5.asm
                    START   0x000000    program     static D:\Documents\MPLABXProjects\ECE3301L\LAB3\Part5\Lab3p5.X\Lab3p5.asm



                              Symbols - Sorted by Address
                     Name    Address   Location    Storage File                     
                ---------  ---------  ---------  --------- ---------                
                    START   0x000000    program     static D:\Documents\MPLABXProjects\ECE3301L\LAB3\Part5\Lab3p5.X\Lab3p5.asm
                    START   0x000000    program     static D:\Documents\MPLABXProjects\ECE3301L\LAB3\Part5\Lab3p5.X\Lab3p5.asm
                MAIN_LOOP   0x00002c    program     static D:\Documents\MPLABXProjects\ECE3301L\LAB3\Part5\Lab3p5.X\Lab3p5.asm
                 FOR_LOOP   0x000058    program     static D:\Documents\MPLABXProjects\ECE3301L\LAB3\Part5\Lab3p5.X\Lab3p5.asm
            DELAY_ONE_SEC   0x000070    program     static D:\Documents\MPLABXProjects\ECE3301L\LAB3\Part5\Lab3p5.X\Lab3p5.asm
             LOOP_1_OUTER   0x000074    program     static D:\Documents\MPLABXProjects\ECE3301L\LAB3\Part5\Lab3p5.X\Lab3p5.asm
             LOOP_1_INNER   0x00007a    program     static D:\Documents\MPLABXProjects\ECE3301L\LAB3\Part5\Lab3p5.X\Lab3p5.asm


