Microchip MPLAB XC8 Compiler V1.34 ()

Linker command line:

-W-3 --edf=D:\Program Files (x86)\Microchip\xc8\v1.34\dat\en_msgs.txt -cs \
  -h+dist/default/production\Lab13v1.X.production.sym \
  --cmf=dist/default/production\Lab13v1.X.production.cmf -z -Q18F4620 \
  -oC:\Users\tyson\AppData\Local\Temp\sa0o.6 \
  -Mdist/default/production/Lab13v1.X.production.map -E1 -ver=XC8 \
  -ASTACK=0158h-0f7fh -pstack=STACK -ACODE=00h-0FFFFh -ACONST=00h-0FFFFh \
  -ASMALLCONST=01000h-010FFhx240 -AMEDIUMCONST=01000h-0FFFFh \
  -ACOMRAM=01h-07Fh -AABS1=00h-0F7Fh -ABIGRAM=01h-0F7Fh \
  -ARAM=080h-0FFh,0100h-01FFhx14,0F00h-0F7Fh -ABANK0=080h-0FFh \
  -ABANK1=0100h-01FFh -ABANK2=0200h-02FFh -ABANK3=0300h-03FFh \
  -ABANK4=0400h-04FFh -ABANK5=0500h-05FFh -ABANK6=0600h-06FFh \
  -ABANK7=0700h-07FFh -ABANK8=0800h-08FFh -ABANK9=0900h-09FFh \
  -ABANK10=0A00h-0AFFh -ABANK11=0B00h-0BFFh -ABANK12=0C00h-0CFFh \
  -ABANK13=0D00h-0DFFh -ABANK14=0E00h-0EFFh -ABANK15=0F00h-0F7Fh \
  -ASFR=0F80h-0FFFh \
  -preset_vec=00h,intcode=08h,intcodelo,powerup,init,end_init \
  -pramtop=01000h -psmallconst=SMALLCONST -pmediumconst=MEDIUMCONST \
  -pconst=CONST -AFARRAM=00h-00h -ACONFIG=0300000h-030000Dh -pconfig=CONFIG \
  -AIDLOC=0200000h-0200007h -pidloc=IDLOC -AEEDATA=0F00000h-0F003FFh \
  -peeprom_data=EEDATA \
  -prdata=COMRAM,nvrram=COMRAM,nvbit=COMRAM,rbss=COMRAM,rbit=COMRAM \
  -pfarbss=FARRAM,fardata=FARRAM,nvFARRAM=FARRAM \
  -pintsave_regs=BIGRAM,bigbss=BIGRAM,bigdata=BIGRAM -pbss=RAM \
  -pidata=CODE,irdata=CODE,ibigdata=CODE,ifardata=CODE -prparam=COMRAM \
  C:\Users\tyson\AppData\Local\Temp\sa0o.obj \
  dist/default/production\Lab13v1.X.production.obj 

Object code version is 3.11

Machine type is 18F4620

Call graph: (short form)




                Name                               Link     Load   Length Selector   Space Scale
C:\Users\tyson\AppData\Local\Temp\sa0o.obj
                end_init                             18       18        4        4       0
                reset_vec                             0        0        4        0       0
                idloc                            200000   200000        8   200000       0
                config                           300000   300000        E   300000       0
dist/default/production\Lab13v1.X.production.obj
                intcode                               8        8       10        4       0
                mediumconst                        FC8A     FC8A      376     7E45       0
                text118                            3AE6     3AE6        8     17A8       0
                text117                            15A0     15A0      176        4       0
                text116                            3ADE     3ADE        8     17A8       0
                text115                            3A9C     3A9C        C     17A8       0
                intcode_body                       2BA8     2BA8       86        4       0
                text113                            3A90     3A90        C     17A8       0
                text112                            3AD6     3AD6        8     17A8       0
                text111                            3ACE     3ACE        8     17A8       0
                text110                            3ABC     3ABC        A     17A8       0
                text109                            38FA     38FA       16     17A8       0
                text108                            39F6     39F6       12     17A8       0
                text107                            3AB2     3AB2        A     17A8       0
                text106                            3416     3416       48     17A8       0
                text105                            39E4     39E4       12     17A8       0
                text104                            39D2     39D2       12     17A8       0
                text103                            3518     3518       3E     17A8       0
                text102                            3592     3592       3C     17A8       0
                text101                            3634     3634       32     17A8       0
                text100                            37A0     37A0       20     17A8       0
                text99                             26F2     26F2       B8        4       0
                text98                             31AE     31AE       52     17A8       0
                text97                             3868     3868       1A     17A8       0
                text96                             3780     3780       20     17A8       0
                text95                             37DE     37DE       1E     17A8       0
                text94                             3AA8     3AA8        A     17A8       0
                text93                             3A82     3A82        E     17A8       0
                text92                             37C0     37C0       1E     17A8       0
                text91                             24AC     24AC       C6        4       0
                text90                             2154     2154       E2        4       0
                text89                             1CA2     1CA2       F8        4       0
                text88                             206E     206E       E6        4       0
                text87                             3738     3738       26     17A8       0
                text86                             2572     2572       C2        4       0
                text85                             2FAC     2FAC       5C     17A8       0
                text84                             3336     3336       4C     17A8       0
                text83                             36EA     36EA       28     17A8       0
                text82                             375E     375E       22     17A8       0
                text81                             3A74     3A74        E     17A8       0
                text80                              9D2      9D2      35A        4       0
                text79                             384E     384E       1A     17A8       0
                text78                             2E18     2E18       70        4       0
                text77                             3988     3988       14     17A8       0
                text76                             2F50     2F50       5C     17A8       0
                text75                             284C     284C       96        4       0
                text74                             2C2E     2C2E       82        4       0
                text73                             3974     3974       14     17A8       0
                text72                             3A48     3A48       10     17A8       0
                text71                             3A38     3A38       10     17A8       0
                text70                             329C     329C       4E     17A8       0
                text69                             3666     3666       30     17A8       0
                text68                             2B20     2B20       88        4       0
                text67                             33CC     33CC       4A     17A8       0
                text66                             1716     1716      156        4       0
                text65                             34DA     34DA       3E     17A8       0
                text64                             197C     197C      10E        4       0
                text63                             2312     2312       D0        4       0
                text62                             324E     324E       4E     17A8       0
                text61                             39C0     39C0       12     17A8       0
                text60                             3AC6     3AC6        8     17A8       0
                text59                             3818     3818       1C     17A8       0
                text58                             3A66     3A66        E     17A8       0
                text57                             39AE     39AE       12     17A8       0
                text56                             3A58     3A58        E     17A8       0
                text55                             32EA     32EA       4C     17A8       0
                text54                             2E88     2E88       64        4       0
                text53                             3008     3008       58     17A8       0
                text52                             2D2E     2D2E       76        4       0
                text51                             315C     315C       52     17A8       0
                text50                             399C     399C       12     17A8       0
                text49                             186C     186C      110        4       0
                text48                             349C     349C       3E     17A8       0
                text47                             1E8C     1E8C       F2        4       0
                text46                             36C0     36C0       2A     17A8       0
                text45                             126E     126E      1AE        4       0
                text44                             2236     2236       DC        4       0
                text43                             37FC     37FC       1C     17A8       0
                text42                             3602     3602       32     17A8       0
                text41                              652      652      380        4       0
                text40                             38E2     38E2       18     17A8       0
                text39                             3A28     3A28       10     17A8       0
                text38                              F00      F00      1BA        4       0
                text37                             38CA     38CA       18     17A8       0
                text36                             10BA     10BA      1B4        4       0
                text35                             38B2     38B2       18     17A8       0
                text34                             3200     3200       4E     17A8       0
                text33                             1B96     1B96      10C        4       0
                text32                             3696     3696       2A     17A8       0
                text31                             2CB0     2CB0       7E        4       0
                text30                             2634     2634       BE        4       0
                text29                             27AA     27AA       A2        4       0
                text28                             3960     3960       14     17A8       0
                text27                             394C     394C       14     17A8       0
                text26                             3A18     3A18       10     17A8       0
                text25                             3938     3938       14     17A8       0
                text24                             1D9A     1D9A       F2        4       0
                text23                             28E2     28E2       94        4       0
                text22                             141C     141C      184        4       0
                text21                             2A06     2A06       90        4       0
                text20                             2A96     2A96       8A        4       0
                text19                             3924     3924       14     17A8       0
                text18                             3A08     3A08       10     17A8       0
                text17                             389A     389A       18     17A8       0
                text16                             3882     3882       18     17A8       0
                text15                             2976     2976       90        4       0
                text14                             1A8A     1A8A      10C        4       0
                text13                             23E2     23E2       CA        4       0
                text12                             35CE     35CE       34     17A8       0
                text11                             310A     310A       52     17A8       0
                text10                             345E     345E       3E     17A8       0
                text9                              1F7E     1F7E       F0        4       0
                text8                              30B6     30B6       54     17A8       0
                text7                              3AEE     3AEE        2     17A8       0
                text6                              3834     3834       1A     17A8       0
                text5                              3910     3910       14     17A8       0
                text4                                1C       1C      636        4       0
                text3                              3556     3556       3C     17A8       0
                text2                              3712     3712       26     17A8       0
                text1                              3060     3060       56     17A8       0
                text0                               D2C      D2C      1D4        4       0
                cstackCOMRAM                          1        1       42        1       1
                cstackBANK0                          FD       FD        3       80       1
                cstackBANK1                         14A      14A        E      100       1
                dataBANK1                           100      100       4A      100       1
                dataBANK0                            80       80       63       80       1
                bssBANK0                             E3       E3       1A       80       1
                dataCOMRAM                           6F       6F        1        1       1
                bssCOMRAM                            43       43       2C        1       1
                cinit                              2DA4     2DA4       74        4       0
                idataBANK1                         3382     3382       4A     17A8       0
                idataBANK0                         2EEC     2EEC       63        4       0
                idataCOMRAM                        3AF0     3AF0        1     17A8       0

TOTAL           Name                               Link     Load   Length     Space
        CLASS   STACK          

        CLASS   CODE           
                end_init                             18       18        4         0
                intcode                               8        8       10         0
                reset_vec                             0        0        4         0
                text118                            3AE6     3AE6        8         0
                text117                            15A0     15A0      176         0
                text116                            3ADE     3ADE        8         0
                text115                            3A9C     3A9C        C         0
                intcode_body                       2BA8     2BA8       86         0
                text113                            3A90     3A90        C         0
                text112                            3AD6     3AD6        8         0
                text111                            3ACE     3ACE        8         0
                text110                            3ABC     3ABC        A         0
                text109                            38FA     38FA       16         0
                text108                            39F6     39F6       12         0
                text107                            3AB2     3AB2        A         0
                text106                            3416     3416       48         0
                text105                            39E4     39E4       12         0
                text104                            39D2     39D2       12         0
                text103                            3518     3518       3E         0
                text102                            3592     3592       3C         0
                text101                            3634     3634       32         0
                text100                            37A0     37A0       20         0
                text99                             26F2     26F2       B8         0
                text98                             31AE     31AE       52         0
                text97                             3868     3868       1A         0
                text96                             3780     3780       20         0
                text95                             37DE     37DE       1E         0
                text94                             3AA8     3AA8        A         0
                text93                             3A82     3A82        E         0
                text92                             37C0     37C0       1E         0
                text91                             24AC     24AC       C6         0
                text90                             2154     2154       E2         0
                text89                             1CA2     1CA2       F8         0
                text88                             206E     206E       E6         0
                text87                             3738     3738       26         0
                text86                             2572     2572       C2         0
                text85                             2FAC     2FAC       5C         0
                text84                             3336     3336       4C         0
                text83                             36EA     36EA       28         0
                text82                             375E     375E       22         0
                text81                             3A74     3A74        E         0
                text80                              9D2      9D2      35A         0
                text79                             384E     384E       1A         0
                text78                             2E18     2E18       70         0
                text77                             3988     3988       14         0
                text76                             2F50     2F50       5C         0
                text75                             284C     284C       96         0
                text74                             2C2E     2C2E       82         0
                text73                             3974     3974       14         0
                text72                             3A48     3A48       10         0
                text71                             3A38     3A38       10         0
                text70                             329C     329C       4E         0
                text69                             3666     3666       30         0
                text68                             2B20     2B20       88         0
                text67                             33CC     33CC       4A         0
                text66                             1716     1716      156         0
                text65                             34DA     34DA       3E         0
                text64                             197C     197C      10E         0
                text63                             2312     2312       D0         0
                text62                             324E     324E       4E         0
                text61                             39C0     39C0       12         0
                text60                             3AC6     3AC6        8         0
                text59                             3818     3818       1C         0
                text58                             3A66     3A66        E         0
                text57                             39AE     39AE       12         0
                text56                             3A58     3A58        E         0
                text55                             32EA     32EA       4C         0
                text54                             2E88     2E88       64         0
                text53                             3008     3008       58         0
                text52                             2D2E     2D2E       76         0
                text51                             315C     315C       52         0
                text50                             399C     399C       12         0
                text49                             186C     186C      110         0
                text48                             349C     349C       3E         0
                text47                             1E8C     1E8C       F2         0
                text46                             36C0     36C0       2A         0
                text45                             126E     126E      1AE         0
                text44                             2236     2236       DC         0
                text43                             37FC     37FC       1C         0
                text42                             3602     3602       32         0
                text41                              652      652      380         0
                text40                             38E2     38E2       18         0
                text39                             3A28     3A28       10         0
                text38                              F00      F00      1BA         0
                text37                             38CA     38CA       18         0
                text36                             10BA     10BA      1B4         0
                text35                             38B2     38B2       18         0
                text34                             3200     3200       4E         0
                text33                             1B96     1B96      10C         0
                text32                             3696     3696       2A         0
                text31                             2CB0     2CB0       7E         0
                text30                             2634     2634       BE         0
                text29                             27AA     27AA       A2         0
                text28                             3960     3960       14         0
                text27                             394C     394C       14         0
                text26                             3A18     3A18       10         0
                text25                             3938     3938       14         0
                text24                             1D9A     1D9A       F2         0
                text23                             28E2     28E2       94         0
                text22                             141C     141C      184         0
                text21                             2A06     2A06       90         0
                text20                             2A96     2A96       8A         0
                text19                             3924     3924       14         0
                text18                             3A08     3A08       10         0
                text17                             389A     389A       18         0
                text16                             3882     3882       18         0
                text15                             2976     2976       90         0
                text14                             1A8A     1A8A      10C         0
                text13                             23E2     23E2       CA         0
                text12                             35CE     35CE       34         0
                text11                             310A     310A       52         0
                text10                             345E     345E       3E         0
                text9                              1F7E     1F7E       F0         0
                text8                              30B6     30B6       54         0
                text7                              3AEE     3AEE        2         0
                text6                              3834     3834       1A         0
                text5                              3910     3910       14         0
                text4                                1C       1C      636         0
                text3                              3556     3556       3C         0
                text2                              3712     3712       26         0
                text1                              3060     3060       56         0
                text0                               D2C      D2C      1D4         0
                cinit                              2DA4     2DA4       74         0
                idataBANK1                         3382     3382       4A         0
                idataBANK0                         2EEC     2EEC       63         0
                idataCOMRAM                        3AF0     3AF0        1         0

        CLASS   CONST          

        CLASS   SMALLCONST     

        CLASS   MEDIUMCONST    
                mediumconst                        FC8A     FC8A      376         0

        CLASS   COMRAM         
                cstackCOMRAM                          1        1       42         1
                dataCOMRAM                           6F       6F        1         1
                bssCOMRAM                            43       43       2C         1

        CLASS   ABS1           

        CLASS   BIGRAM         

        CLASS   RAM            

        CLASS   BANK0          
                cstackBANK0                          FD       FD        3         1
                dataBANK0                            80       80       63         1
                bssBANK0                             E3       E3       1A         1

        CLASS   BANK1          
                cstackBANK1                         14A      14A        E         1
                dataBANK1                           100      100       4A         1

        CLASS   BANK2          

        CLASS   BANK3          

        CLASS   BANK4          

        CLASS   BANK5          

        CLASS   BANK6          

        CLASS   BANK7          

        CLASS   BANK8          

        CLASS   BANK9          

        CLASS   BANK10         

        CLASS   BANK11         

        CLASS   BANK12         

        CLASS   BANK13         

        CLASS   BANK14         

        CLASS   BANK15         

        CLASS   SFR            

        CLASS   FARRAM         

        CLASS   CONFIG         
                config                           300000   300000        E         0

        CLASS   IDLOC          
                idloc                            200000   200000        8         0

        CLASS   EEDATA         



SEGMENTS        Name                           Load    Length   Top    Selector   Space  Class

                reset_vec                      000000  000004  000004         0       0  CODE    
                cstackCOMRAM                   000001  00006F  000070         1       1  COMRAM  
                intcode                        000008  002F47  002F4F         4       0  CODE    
                dataBANK0                      000080  000080  000100        80       1  BANK0   
                dataBANK1                      000100  000058  000158       100       1  BANK1   
                text76                         002F50  000BA1  003AF1      17A8       0  CODE    
                mediumconst                    00FC8A  000376  010000      7E45       0  MEDIUMCO
                idloc                          200000  000008  200008    200000       0  IDLOC   
                config                         300000  00000E  30000E    300000       0  CONFIG  


UNUSED ADDRESS RANGES

        Name                Unused          Largest block    Delta
        BANK1            000158-0001FF               A8
        BANK10           000A00-000AFF              100
        BANK11           000B00-000BFF              100
        BANK12           000C00-000CFF              100
        BANK13           000D00-000DFF              100
        BANK14           000E00-000EFF              100
        BANK15           000F00-000F7F               80
        BANK2            000200-0002FF              100
        BANK3            000300-0003FF              100
        BANK4            000400-0004FF              100
        BANK5            000500-0005FF              100
        BANK6            000600-0006FF              100
        BANK7            000700-0007FF              100
        BANK8            000800-0008FF              100
        BANK9            000900-0009FF              100
        BIGRAM           000070-00007F               10
                         000158-000F7F              E28
        CODE             000004-000007                4
                         002F4F-002F4F                1
                         003AF1-00FC89             C199
        COMRAM           000070-00007F               10
        CONST            000004-000007                4
                         002F4F-002F4F                1
                         003AF1-00FC89             C199
        EEDATA           F00000-F003FF              400
        MEDIUMCONST      002F4F-002F4F                1
                         003AF1-00FC89             C199
        RAM              000158-000F7F              100
        SFR              000F80-000FFF               80
        SMALLCONST       002F4F-002F4F                1
                         003AF1-00FC89              100
        STACK            000158-000F7F              E28

                                  Symbol Table

?_DS1621_Read_Temp                            cstackCOMRAM 000014
?___awdiv                                     cstackCOMRAM 000020
?___awmod                                     cstackCOMRAM 000028
?___awtoft                                    cstackCOMRAM 000019
?___ftdiv                                     cstackCOMRAM 00002C
?___ftmul                                     cstackCOMRAM 00001D
?___ftpack                                    cstackCOMRAM 000011
?___fttol                                     cstackCOMRAM 000011
?___lbtoft                                    cstackCOMRAM 000019
?___lwdiv                                     cstackCOMRAM 000011
?___lwmod                                     cstackCOMRAM 000018
?___wmul                                      cstackCOMRAM 000011
?_dec_2_bcd                                   cstackCOMRAM 00002E
?_get_RPM                                     cstackCOMRAM 000028
?_get_full_ADC                                cstackCOMRAM 000011
?_printf                                      cstackCOMRAM 00001D
?_strlen                                      cstackCOMRAM 000011
DS1621_Init@Device                            cstackCOMRAM 000016
DS1621_Read_Temp@Cmd                          cstackCOMRAM 000016
DS1621_Read_Temp@Data_Ret                     cstackCOMRAM 000017
DS1621_Read_Temp@Device                       cstackCOMRAM 000018
DS3231_Init@Address_7                         cstackCOMRAM 000017
DS3231_Init@Address_E                         cstackCOMRAM 000018
DS3231_Init@Device                            cstackCOMRAM 00001A
DS3231_Init@control_E                         cstackCOMRAM 000019
DS3231_Read_Alarm_Time@Address                cstackCOMRAM 000014
DS3231_Read_Alarm_Time@Device                 cstackCOMRAM 000015
DS3231_Read_Time@Address                      cstackCOMRAM 000014
DS3231_Read_Time@Device                       cstackCOMRAM 000015
DS3231_Turn_Off_Alarm@Address_E               cstackCOMRAM 00001B
DS3231_Turn_Off_Alarm@Address_F               cstackCOMRAM 00001C
DS3231_Turn_Off_Alarm@Device                  cstackCOMRAM 00001F
DS3231_Turn_Off_Alarm@control_E               cstackCOMRAM 00001D
DS3231_Turn_Off_Alarm@control_F               cstackCOMRAM 00001E
DS3231_Write_Alarm_Time@Address               cstackCOMRAM 000036
DS3231_Write_Alarm_Time@Device                cstackCOMRAM 000035
DS3231_Write_Time@Address                     cstackCOMRAM 000036
DS3231_Write_Time@Device                      cstackCOMRAM 000035
I2C_Init@c                                    cstackCOMRAM 000011
I2C_Read@ack                                  cstackCOMRAM 000011
I2C_Read@inByte                               cstackCOMRAM 000013
I2C_Read@n                                    cstackCOMRAM 000012
I2C_Write@n                                   cstackCOMRAM 000012
I2C_Write@outByte                             cstackCOMRAM 000011
I2C_Write_Address_Read_One_Byte@Address       cstackCOMRAM 000014
I2C_Write_Address_Read_One_Byte@Data_Ret      cstackCOMRAM 000015
I2C_Write_Address_Read_One_Byte@Device        cstackCOMRAM 000016
I2C_Write_Address_Write_One_Byte@Address      cstackCOMRAM 000013
I2C_Write_Address_Write_One_Byte@Data_Out     cstackCOMRAM 000014
I2C_Write_Address_Write_One_Byte@Device       cstackCOMRAM 000015
I2C_Write_Cmd_Only@Cmd                        cstackCOMRAM 000013
I2C_Write_Cmd_Only@Device                     cstackCOMRAM 000014
I2C_Write_Cmd_Write_Data@Cmd                  cstackCOMRAM 000013
I2C_Write_Cmd_Write_Data@Data_Out             cstackCOMRAM 000014
I2C_Write_Cmd_Write_Data@Device               cstackCOMRAM 000015
Monitor_Heater@rpm                            cstackCOMRAM 00003E
OpenUSART@config                              cstackCOMRAM 000013
OpenUSART@spbrg                               cstackCOMRAM 000011
Set_DC_RGB@duty_cycle                         cstackCOMRAM 000028
Set_RGB_Color@F4243                           dataBANK1    000142
Set_RPM_RGB@F4113                             dataBANK1    000134
Set_RPM_RGB@rpm                               cstackCOMRAM 000028
Set_RPM_RGB@temp                              cstackCOMRAM 00002A
Update_Screen@neg_DS1621_tempC                cstackBANK1  000155
Update_Screen@neg_tempF                       cstackBANK1  000153
Update_Setup_Heater_Screen@dc_char1           cstackBANK0  0000FD
Update_Setup_Heater_Screen@dc_char2           cstackBANK0  0000FE
Update_Setup_Heater_Screen@dc_char3           cstackBANK0  0000FF
Update_Setup_Screen_Cursor_Backward@field     cstackCOMRAM 00002E
Update_Setup_Screen_Cursor_Backward@xinc      cstackCOMRAM 000030
Update_Setup_Screen_Cursor_Backward@yinc      cstackCOMRAM 00002F
Update_Setup_Screen_Cursor_Forward@field      cstackCOMRAM 00002E
Update_Setup_Screen_Cursor_Forward@xinc       cstackCOMRAM 000030
Update_Setup_Screen_Cursor_Forward@yinc       cstackCOMRAM 00002F
Wait_One_Sec@k                                cstackCOMRAM 000011
_ADCON0                                       (abs)        000FC2
_ADCON0bits                                   (abs)        000FC2
_ADCON1                                       (abs)        000FC1
_ADCON2                                       (abs)        000FC0
_ADRESH                                       (abs)        000FC4
_ADRESL                                       (abs)        000FC3
_ALARMEN                                      bssBANK0     0000EA
_Activate_Buzzer_2KHz                         text57       0039AE
_Activate_Buzzer_500Hz                        text61       0039C0
_Alarm_SW_Txt                                 dataBANK0    0000CD
_CCP1CON                                      (abs)        000FBD
_CCP2CON                                      (abs)        000FBA
_CCPR1L                                       (abs)        000FBE
_CCPR2L                                       (abs)        000FBB
_DC_Txt                                       dataBANK0    0000D1
_DS1621_Init                                  text95       0037DE
_DS1621_Read_Temp                             text102      003592
_DS1621_tempC                                 bssCOMRAM    000043
_DS1621_tempF                                 bssCOMRAM    000045
_DS3231_Init                                  text99       0026F2
_DS3231_Read_Alarm_Time                       text55       0032EA
_DS3231_Read_Time                             text54       002E88
_DS3231_Turn_Off_Alarm                        text98       0031AE
_DS3231_Write_Alarm_Time                      text52       002D2E
_DS3231_Write_Time                            text20       002A96
_Deactivate_Buzzer                            text60       003AC6
_Decrease_Alarm_Time                          text62       00324E
_Decrease_Heater_Temp                         text28       003960
_Decrease_Time                                text21       002A06
_Do_Beep_Bad                                  text58       003A66
_Do_Beep_Good                                 text56       003A58
_Do_Init                                      text76       002F50
_Do_Save_New_Alarm_Time                       text40       0038E2
_Do_Save_New_Heater_Temp                      text27       00394C
_Do_Save_New_Time                             text19       003924
_Do_Setup_Alarm_Time                          text30       002634
_Do_Setup_Heater_Temp                         text23       0028E2
_Do_Setup_Time                                text13       0023E2
_Exit_Setup_Alarm_Time                        text39       003A28
_Exit_Setup_Heater_Temp                       text26       003A18
_Exit_Time_Setup                              text18       003A08
_Go_Next_Alarm_Field                          text37       0038CA
_Go_Next_Field                                text17       00389A
_Go_Prev_Alarm_Field                          text35       0038B2
_Go_Prev_Field                                text16       003882
_HEATER                                       bssCOMRAM    00004F
_Heater_SW_Txt                                dataBANK0    0000D5
_Heater_Set_Temp_Txt                          dataBANK0    0000BE
_I2C_Init                                     text94       003AA8
_I2C_ReStart                                  text109      0038FA
_I2C_Read                                     text106      003416
_I2C_Start                                    text105      0039E4
_I2C_Stop                                     text104      0039D2
_I2C_Write                                    text103      003518
_I2C_Write_Address_Read_One_Byte              text101      003634
_I2C_Write_Address_Write_One_Byte             text100      0037A0
_I2C_Write_Cmd_Only                           text97       003868
_I2C_Write_Cmd_Write_Data                     text96       003780
_INT0_isr                                     text117      0015A0
_INT1_flag                                    bssCOMRAM    000050
_INT1_isr                                     text116      003ADE
_INT2_flag                                    bssBANK0     0000F8
_INTCON2bits                                  (abs)        000FF1
_INTCON3bits                                  (abs)        000FF0
_INTCONbits                                   (abs)        000FF2
_In_Alarm_Time_Setup                          bssBANK0     0000F9
_In_Heater_Temp_Setup                         bssBANK0     0000FA
_In_Time_Setup                                bssBANK0     0000FB
_Increase_Alarm_Time                          text34       003200
_Increase_Heater_Temp                         text25       003938
_Increase_Time                                text15       002976
_Init_ADC                                     text93       003A82
_Init_Interrupt                               text92       0037C0
_Initialize_Screen                            text41       000652
_Initialize_Setup_Alarm_Time_Screen           text33       001B96
_Initialize_Setup_Heater_Screen               text24       001D9A
_Initialize_Setup_Time_Screen                 text14       001A8A
_LCD_Reset                                    text50       00399C
_MATCHED                                      bssBANK0     0000EC
_Monitor_Heater                               text8        0030B6
_Nec_code                                     bssBANK0     0000E3
_Nec_code1                                    bssCOMRAM    000051
_Nec_state                                    bssCOMRAM    000052
_OSCCON                                       (abs)        000FD3
_OpenUSART                                    text78       002E18
_PIE1bits                                     (abs)        000F9D
_PIR1bits                                     (abs)        000F9E
_PORTAbits                                    (abs)        000F80
_PORTBbits                                    (abs)        000F81
_PORTCbits                                    (abs)        000F82
_PORTD                                        (abs)        000F83
_PORTDbits                                    (abs)        000F83
_PORTE                                        (abs)        000F84
_PR2                                          (abs)        000FCB
_RBPU                                         (abs)        007F8F
_RCSTA                                        (abs)        000FAB
_RCSTAbits                                    (abs)        000FAB
_RPM_Txt                                      dataBANK0    0000C3
_RTC_ALARM_Txt                                dataBANK0    0000E1
_Rcmd1                                        text49       00186C
_Rcmd2red                                     text48       00349C
_Rcmd3                                        text47       001E8C
_SPBRG                                        (abs)        000FAF
_SPBRGH                                       (abs)        000FB0
_SSPBUF                                       (abs)        000FC9
_SSPCON1                                      (abs)        000FC6
_SSPSTAT                                      (abs)        000FC7
_SSPSTATbits                                  (abs)        000FC7
_Select_Alarm_Field                           bssCOMRAM    000053
_Select_Field                                 bssCOMRAM    000054
_Select_Heater_Temp_Field                     bssBANK0     0000FC
_Set_DC_RGB                                   text12       0035CE
_Set_RPM_RGB                                  text11       00310A
_T0CON                                        (abs)        000FD5
_T0CONbits                                    (abs)        000FD5
_T1CON                                        (abs)        000FCD
_T1CONbits                                    (abs)        000FCD
_T2CON                                        (abs)        000FCA
_T3CON                                        (abs)        000FB1
_TFT_GreenTab_Initialize                      text46       0036C0
_TIMER1_isr                                   text115      003A9C
_TMR0H                                        (abs)        000FD7
_TMR0L                                        (abs)        000FD6
_TMR1H                                        (abs)        000FCF
_TMR1L                                        (abs)        000FCE
_TMR3L                                        (abs)        000FB2
_TRISA                                        (abs)        000F92
_TRISB                                        (abs)        000F93
_TRISBbits                                    (abs)        000F93
_TRISC                                        (abs)        000F94
_TRISCbits                                    (abs)        000F94
_TRISD                                        (abs)        000F95
_TRISDbits                                    (abs)        000F95
_TRISE                                        (abs)        000F96
_TRMT                                         (abs)        007D61
_TXREG                                        (abs)        000FAD
_TXSTA                                        (abs)        000FAC
_TXSTAbits                                    (abs)        000FAC
_Test_Alarm                                   text7        003AEE
_Time_Elapsed                                 bssCOMRAM    000047
_Toggle_Heater                                text5        003910
_Turn_Off_Fan                                 text79       00384E
_Turn_On_Fan                                  text6        003834
_Update_Screen                                text4        00001C
_Update_Screen$3207                           cstackBANK1  000151
_Update_Setup_Alarm_Time_Screen               text63       002312
_Update_Setup_Heater_Screen                   text29       0027AA
_Update_Setup_Screen_Cursor_Backward          text36       0010BA
_Update_Setup_Screen_Cursor_Forward           text38       000F00
_Update_Setup_Time_Screen                     text22       00141C
_Volt_Txt                                     dataBANK0    0000B8
_Wait_One_Sec                                 text59       003818
__CFG_BOREN$OFF                               (abs)        000000
__CFG_CCP2MX$PORTBE                           (abs)        000000
__CFG_LVP$OFF                                 (abs)        000000
__CFG_OSC$INTIO67                             (abs)        000000
__CFG_WDT$OFF                                 (abs)        000000
__HRAM                                        (abs)        000000
__Habs1                                       abs1         000000
__Hbank0                                      bank0        000000
__Hbank1                                      bank1        000000
__Hbank10                                     bank10       000000
__Hbank11                                     bank11       000000
__Hbank12                                     bank12       000000
__Hbank13                                     bank13       000000
__Hbank14                                     bank14       000000
__Hbank15                                     bank15       000000
__Hbank2                                      bank2        000000
__Hbank3                                      bank3        000000
__Hbank4                                      bank4        000000
__Hbank5                                      bank5        000000
__Hbank6                                      bank6        000000
__Hbank7                                      bank7        000000
__Hbank8                                      bank8        000000
__Hbank9                                      bank9        000000
__Hbigbss                                     bigbss       000000
__Hbigdata                                    bigdata      000000
__Hbigram                                     bigram       000000
__Hbss                                        bss          000000
__HbssBANK0                                   bssBANK0     000000
__HbssCOMRAM                                  bssCOMRAM    000000
__Hcinit                                      cinit        000000
__Hclrtext                                    clrtext      000000
__Hcomram                                     comram       000000
__Hconfig                                     config       30000E
__Hconst                                      const        000000
__HcstackBANK0                                cstackBANK0  000000
__HcstackBANK1                                cstackBANK1  000000
__HcstackCOMRAM                               cstackCOMRAM 000000
__Hdata                                       data         000000
__HdataBANK0                                  dataBANK0    000000
__HdataBANK1                                  dataBANK1    000000
__HdataCOMRAM                                 dataCOMRAM   000000
__Heeprom_data                                eeprom_data  000000
__Hend_init                                   end_init     00001C
__Hfarbss                                     farbss       000000
__Hfardata                                    fardata      000000
__Hibigdata                                   ibigdata     000000
__Hidata                                      idata        000000
__HidataBANK0                                 idataBANK0   000000
__HidataBANK1                                 idataBANK1   000000
__HidataCOMRAM                                idataCOMRAM  000000
__Hidloc                                      idloc        200008
__Hifardata                                   ifardata     000000
__Hinit                                       init         000018
__Hintcode                                    intcode      000018
__Hintcode_body                               intcode_body 000000
__Hintcodelo                                  intcodelo    000018
__Hintentry                                   intentry     000000
__Hintret                                     intret       000000
__Hintsave_regs                               intsave_regs 000000
__Hirdata                                     irdata       000000
__Hmediumconst                                mediumconst  010000
__HnvFARRAM                                   nvFARRAM     000000
__Hnvbit                                      nvbit        000000
__Hnvrram                                     nvrram       000000
__Hparam                                      rparam       000000
__Hpowerup                                    powerup      000018
__Hram                                        ram          000000
__Hramtop                                     ramtop       001000
__Hrbit                                       rbit         000000
__Hrbss                                       rbss         000000
__Hrdata                                      rdata        000000
__Hreset_vec                                  reset_vec    000004
__Hrparam                                     rparam       000000
__Hsfr                                        sfr          000000
__Hsmallconst                                 smallconst   000000
__Hspace_0                                    (abs)        30000E
__Hspace_1                                    (abs)        000158
__Hspace_2                                    (abs)        000000
__Hstack                                      stack        000000
__Hstruct                                     struct       000000
__Htemp                                       temp         000000
__Htext                                       text         000000
__Htext0                                      text0        000000
__Htext1                                      text1        000000
__Htext10                                     text10       000000
__Htext100                                    text100      000000
__Htext101                                    text101      000000
__Htext102                                    text102      000000
__Htext103                                    text103      000000
__Htext104                                    text104      000000
__Htext105                                    text105      000000
__Htext106                                    text106      000000
__Htext107                                    text107      000000
__Htext108                                    text108      000000
__Htext109                                    text109      000000
__Htext11                                     text11       000000
__Htext110                                    text110      000000
__Htext111                                    text111      000000
__Htext112                                    text112      000000
__Htext113                                    text113      000000
__Htext115                                    text115      000000
__Htext116                                    text116      000000
__Htext117                                    text117      000000
__Htext118                                    text118      000000
__Htext12                                     text12       000000
__Htext13                                     text13       000000
__Htext14                                     text14       000000
__Htext15                                     text15       000000
__Htext16                                     text16       000000
__Htext17                                     text17       000000
__Htext18                                     text18       000000
__Htext19                                     text19       000000
__Htext2                                      text2        000000
__Htext20                                     text20       000000
__Htext21                                     text21       000000
__Htext22                                     text22       000000
__Htext23                                     text23       000000
__Htext24                                     text24       000000
__Htext25                                     text25       000000
__Htext26                                     text26       000000
__Htext27                                     text27       000000
__Htext28                                     text28       000000
__Htext29                                     text29       000000
__Htext3                                      text3        000000
__Htext30                                     text30       000000
__Htext31                                     text31       000000
__Htext32                                     text32       000000
__Htext33                                     text33       000000
__Htext34                                     text34       000000
__Htext35                                     text35       000000
__Htext36                                     text36       000000
__Htext37                                     text37       000000
__Htext38                                     text38       000000
__Htext39                                     text39       000000
__Htext4                                      text4        000000
__Htext40                                     text40       000000
__Htext41                                     text41       000000
__Htext42                                     text42       000000
__Htext43                                     text43       000000
__Htext44                                     text44       000000
__Htext45                                     text45       000000
__Htext46                                     text46       000000
__Htext47                                     text47       000000
__Htext48                                     text48       000000
__Htext49                                     text49       000000
__Htext5                                      text5        000000
__Htext50                                     text50       000000
__Htext51                                     text51       000000
__Htext52                                     text52       000000
__Htext53                                     text53       000000
__Htext54                                     text54       000000
__Htext55                                     text55       000000
__Htext56                                     text56       000000
__Htext57                                     text57       000000
__Htext58                                     text58       000000
__Htext59                                     text59       000000
__Htext6                                      text6        000000
__Htext60                                     text60       000000
__Htext61                                     text61       000000
__Htext62                                     text62       000000
__Htext63                                     text63       000000
__Htext64                                     text64       000000
__Htext65                                     text65       000000
__Htext66                                     text66       000000
__Htext67                                     text67       000000
__Htext68                                     text68       000000
__Htext69                                     text69       000000
__Htext7                                      text7        000000
__Htext70                                     text70       000000
__Htext71                                     text71       000000
__Htext72                                     text72       000000
__Htext73                                     text73       000000
__Htext74                                     text74       000000
__Htext75                                     text75       000000
__Htext76                                     text76       000000
__Htext77                                     text77       000000
__Htext78                                     text78       000000
__Htext79                                     text79       000000
__Htext8                                      text8        000000
__Htext80                                     text80       000000
__Htext81                                     text81       000000
__Htext82                                     text82       000000
__Htext83                                     text83       000000
__Htext84                                     text84       000000
__Htext85                                     text85       000000
__Htext86                                     text86       000000
__Htext87                                     text87       000000
__Htext88                                     text88       000000
__Htext89                                     text89       000000
__Htext9                                      text9        000000
__Htext90                                     text90       000000
__Htext91                                     text91       000000
__Htext92                                     text92       000000
__Htext93                                     text93       000000
__Htext94                                     text94       000000
__Htext95                                     text95       000000
__Htext96                                     text96       000000
__Htext97                                     text97       000000
__Htext98                                     text98       000000
__Htext99                                     text99       000000
__LRAM                                        (abs)        000001
__Labs1                                       abs1         000000
__Lbank0                                      bank0        000000
__Lbank1                                      bank1        000000
__Lbank10                                     bank10       000000
__Lbank11                                     bank11       000000
__Lbank12                                     bank12       000000
__Lbank13                                     bank13       000000
__Lbank14                                     bank14       000000
__Lbank15                                     bank15       000000
__Lbank2                                      bank2        000000
__Lbank3                                      bank3        000000
__Lbank4                                      bank4        000000
__Lbank5                                      bank5        000000
__Lbank6                                      bank6        000000
__Lbank7                                      bank7        000000
__Lbank8                                      bank8        000000
__Lbank9                                      bank9        000000
__Lbigbss                                     bigbss       000000
__Lbigdata                                    bigdata      000000
__Lbigram                                     bigram       000000
__Lbss                                        bss          000000
__LbssBANK0                                   bssBANK0     000000
__LbssCOMRAM                                  bssCOMRAM    000000
__Lcinit                                      cinit        000000
__Lclrtext                                    clrtext      000000
__Lcomram                                     comram       000000
__Lconfig                                     config       300000
__Lconst                                      const        000000
__LcstackBANK0                                cstackBANK0  000000
__LcstackBANK1                                cstackBANK1  000000
__LcstackCOMRAM                               cstackCOMRAM 000000
__Ldata                                       data         000000
__LdataBANK0                                  dataBANK0    000000
__LdataBANK1                                  dataBANK1    000000
__LdataCOMRAM                                 dataCOMRAM   000000
__Leeprom_data                                eeprom_data  000000
__Lend_init                                   end_init     000018
__Lfarbss                                     farbss       000000
__Lfardata                                    fardata      000000
__Libigdata                                   ibigdata     000000
__Lidata                                      idata        000000
__LidataBANK0                                 idataBANK0   000000
__LidataBANK1                                 idataBANK1   000000
__LidataCOMRAM                                idataCOMRAM  000000
__Lidloc                                      idloc        200000
__Lifardata                                   ifardata     000000
__Linit                                       init         000018
__Lintcode                                    intcode      000008
__Lintcode_body                               intcode_body 000000
__Lintcodelo                                  intcodelo    000018
__Lintentry                                   intentry     000000
__Lintret                                     intret       000000
__Lintsave_regs                               intsave_regs 000000
__Lirdata                                     irdata       000000
__Lmediumconst                                mediumconst  00FC8A
__LnvFARRAM                                   nvFARRAM     000000
__Lnvbit                                      nvbit        000000
__Lnvrram                                     nvrram       000000
__Lparam                                      rparam       000000
__Lpowerup                                    powerup      000018
__Lram                                        ram          000000
__Lramtop                                     ramtop       001000
__Lrbit                                       rbit         000000
__Lrbss                                       rbss         000000
__Lrdata                                      rdata        000000
__Lreset_vec                                  reset_vec    000000
__Lrparam                                     rparam       000000
__Lsfr                                        sfr          000000
__Lsmallconst                                 smallconst   000000
__Lspace_0                                    (abs)        000000
__Lspace_1                                    (abs)        000000
__Lspace_2                                    (abs)        000000
__Lstack                                      stack        000000
__Lstruct                                     struct       000000
__Ltemp                                       temp         000000
__Ltext                                       text         000000
__Ltext0                                      text0        000000
__Ltext1                                      text1        000000
__Ltext10                                     text10       000000
__Ltext100                                    text100      000000
__Ltext101                                    text101      000000
__Ltext102                                    text102      000000
__Ltext103                                    text103      000000
__Ltext104                                    text104      000000
__Ltext105                                    text105      000000
__Ltext106                                    text106      000000
__Ltext107                                    text107      000000
__Ltext108                                    text108      000000
__Ltext109                                    text109      000000
__Ltext11                                     text11       000000
__Ltext110                                    text110      000000
__Ltext111                                    text111      000000
__Ltext112                                    text112      000000
__Ltext113                                    text113      000000
__Ltext115                                    text115      000000
__Ltext116                                    text116      000000
__Ltext117                                    text117      000000
__Ltext118                                    text118      000000
__Ltext12                                     text12       000000
__Ltext13                                     text13       000000
__Ltext14                                     text14       000000
__Ltext15                                     text15       000000
__Ltext16                                     text16       000000
__Ltext17                                     text17       000000
__Ltext18                                     text18       000000
__Ltext19                                     text19       000000
__Ltext2                                      text2        000000
__Ltext20                                     text20       000000
__Ltext21                                     text21       000000
__Ltext22                                     text22       000000
__Ltext23                                     text23       000000
__Ltext24                                     text24       000000
__Ltext25                                     text25       000000
__Ltext26                                     text26       000000
__Ltext27                                     text27       000000
__Ltext28                                     text28       000000
__Ltext29                                     text29       000000
__Ltext3                                      text3        000000
__Ltext30                                     text30       000000
__Ltext31                                     text31       000000
__Ltext32                                     text32       000000
__Ltext33                                     text33       000000
__Ltext34                                     text34       000000
__Ltext35                                     text35       000000
__Ltext36                                     text36       000000
__Ltext37                                     text37       000000
__Ltext38                                     text38       000000
__Ltext39                                     text39       000000
__Ltext4                                      text4        000000
__Ltext40                                     text40       000000
__Ltext41                                     text41       000000
__Ltext42                                     text42       000000
__Ltext43                                     text43       000000
__Ltext44                                     text44       000000
__Ltext45                                     text45       000000
__Ltext46                                     text46       000000
__Ltext47                                     text47       000000
__Ltext48                                     text48       000000
__Ltext49                                     text49       000000
__Ltext5                                      text5        000000
__Ltext50                                     text50       000000
__Ltext51                                     text51       000000
__Ltext52                                     text52       000000
__Ltext53                                     text53       000000
__Ltext54                                     text54       000000
__Ltext55                                     text55       000000
__Ltext56                                     text56       000000
__Ltext57                                     text57       000000
__Ltext58                                     text58       000000
__Ltext59                                     text59       000000
__Ltext6                                      text6        000000
__Ltext60                                     text60       000000
__Ltext61                                     text61       000000
__Ltext62                                     text62       000000
__Ltext63                                     text63       000000
__Ltext64                                     text64       000000
__Ltext65                                     text65       000000
__Ltext66                                     text66       000000
__Ltext67                                     text67       000000
__Ltext68                                     text68       000000
__Ltext69                                     text69       000000
__Ltext7                                      text7        000000
__Ltext70                                     text70       000000
__Ltext71                                     text71       000000
__Ltext72                                     text72       000000
__Ltext73                                     text73       000000
__Ltext74                                     text74       000000
__Ltext75                                     text75       000000
__Ltext76                                     text76       000000
__Ltext77                                     text77       000000
__Ltext78                                     text78       000000
__Ltext79                                     text79       000000
__Ltext8                                      text8        000000
__Ltext80                                     text80       000000
__Ltext81                                     text81       000000
__Ltext82                                     text82       000000
__Ltext83                                     text83       000000
__Ltext84                                     text84       000000
__Ltext85                                     text85       000000
__Ltext86                                     text86       000000
__Ltext87                                     text87       000000
__Ltext88                                     text88       000000
__Ltext89                                     text89       000000
__Ltext9                                      text9        000000
__Ltext90                                     text90       000000
__Ltext91                                     text91       000000
__Ltext92                                     text92       000000
__Ltext93                                     text93       000000
__Ltext94                                     text94       000000
__Ltext95                                     text95       000000
__Ltext96                                     text96       000000
__Ltext97                                     text97       000000
__Ltext98                                     text98       000000
__Ltext99                                     text99       000000
__S0                                          (abs)        30000E
__S1                                          (abs)        000158
__S2                                          (abs)        000000
___awdiv                                      text75       00284C
___awdiv@counter                              cstackCOMRAM 000024
___awdiv@dividend                             cstackCOMRAM 000020
___awdiv@divisor                              cstackCOMRAM 000022
___awdiv@quotient                             cstackCOMRAM 000026
___awdiv@sign                                 cstackCOMRAM 000025
___awmod                                      text74       002C2E
___awmod@counter                              cstackCOMRAM 00002C
___awmod@dividend                             cstackCOMRAM 000028
___awmod@divisor                              cstackCOMRAM 00002A
___awmod@sign                                 cstackCOMRAM 00002D
___awtoft                                     text3        003556
___awtoft@c                                   cstackCOMRAM 000019
___awtoft@sign                                cstackCOMRAM 00001C
___ftdiv                                      text90       002154
___ftdiv@cntr                                 cstackCOMRAM 000035
___ftdiv@exp                                  cstackCOMRAM 000039
___ftdiv@f1                                   cstackCOMRAM 00002C
___ftdiv@f2                                   cstackCOMRAM 00002F
___ftdiv@f3                                   cstackCOMRAM 000036
___ftdiv@sign                                 cstackCOMRAM 00003A
___ftmul                                      text89       001CA2
___ftmul@cntr                                 cstackCOMRAM 00002A
___ftmul@exp                                  cstackCOMRAM 000026
___ftmul@f1                                   cstackCOMRAM 00001D
___ftmul@f2                                   cstackCOMRAM 000020
___ftmul@f3_as_product                        cstackCOMRAM 000027
___ftmul@sign                                 cstackCOMRAM 00002B
___ftpack                                     text91       0024AC
___ftpack@arg                                 cstackCOMRAM 000011
___ftpack@exp                                 cstackCOMRAM 000014
___ftpack@sign                                cstackCOMRAM 000015
___fttol                                      text88       00206E
___fttol@exp1                                 cstackCOMRAM 00001F
___fttol@f1                                   cstackCOMRAM 000011
___fttol@lval                                 cstackCOMRAM 00001B
___fttol@sign1                                cstackCOMRAM 00001A
___inthi_sp                                   stack        000000
___intlo_sp                                   stack        000000
___lbtoft                                     text87       003738
___lbtoft@c                                   cstackCOMRAM 00001C
___lwdiv                                      text85       002FAC
___lwdiv@counter                              cstackCOMRAM 000017
___lwdiv@dividend                             cstackCOMRAM 000011
___lwdiv@divisor                              cstackCOMRAM 000013
___lwdiv@quotient                             cstackCOMRAM 000015
___lwmod                                      text84       003336
___lwmod@counter                              cstackCOMRAM 00001C
___lwmod@dividend                             cstackCOMRAM 000018
___lwmod@divisor                              cstackCOMRAM 00001A
___param_bank                                 (abs)        000010
___rparam_used                                (abs)        000001
___sp                                         stack        000000
___wmul                                       text83       0036EA
___wmul@multiplicand                          cstackCOMRAM 000013
___wmul@multiplier                            cstackCOMRAM 000011
___wmul@product                               cstackCOMRAM 000015
__accesstop                                   (abs)        000080
__activetblptr                                (abs)        000002
__end_of_Activate_Buzzer_2KHz                 text57       0039C0
__end_of_Activate_Buzzer_500Hz                text61       0039D2
__end_of_DS1621_Init                          text95       0037FC
__end_of_DS1621_Read_Temp                     text102      0035CE
__end_of_DS3231_Init                          text99       0027AA
__end_of_DS3231_Read_Alarm_Time               text55       003336
__end_of_DS3231_Read_Time                     text54       002EEC
__end_of_DS3231_Turn_Off_Alarm                text98       003200
__end_of_DS3231_Write_Alarm_Time              text52       002DA4
__end_of_DS3231_Write_Time                    text20       002B20
__end_of_Deactivate_Buzzer                    text60       003ACE
__end_of_Decrease_Alarm_Time                  text62       00329C
__end_of_Decrease_Heater_Temp                 text28       003974
__end_of_Decrease_Time                        text21       002A96
__end_of_Do_Beep_Bad                          text58       003A74
__end_of_Do_Beep_Good                         text56       003A66
__end_of_Do_Init                              text76       002FAC
__end_of_Do_Save_New_Alarm_Time               text40       0038FA
__end_of_Do_Save_New_Heater_Temp              text27       003960
__end_of_Do_Save_New_Time                     text19       003938
__end_of_Do_Setup_Alarm_Time                  text30       0026F2
__end_of_Do_Setup_Heater_Temp                 text23       002976
__end_of_Do_Setup_Time                        text13       0024AC
__end_of_Exit_Setup_Alarm_Time                text39       003A38
__end_of_Exit_Setup_Heater_Temp               text26       003A28
__end_of_Exit_Time_Setup                      text18       003A18
__end_of_Go_Next_Alarm_Field                  text37       0038E2
__end_of_Go_Next_Field                        text17       0038B2
__end_of_Go_Prev_Alarm_Field                  text35       0038CA
__end_of_Go_Prev_Field                        text16       00389A
__end_of_I2C_Init                             text94       003AB2
__end_of_I2C_ReStart                          text109      003910
__end_of_I2C_Read                             text106      00345E
__end_of_I2C_Start                            text105      0039F6
__end_of_I2C_Stop                             text104      0039E4
__end_of_I2C_Write                            text103      003556
__end_of_I2C_Write_Address_Read_One_Byte      text101      003666
__end_of_I2C_Write_Address_Write_One_Byte     text100      0037C0
__end_of_I2C_Write_Cmd_Only                   text97       003882
__end_of_I2C_Write_Cmd_Write_Data             text96       0037A0
__end_of_INT0_isr                             text117      001716
__end_of_INT1_isr                             text116      003AE6
__end_of_Increase_Alarm_Time                  text34       00324E
__end_of_Increase_Heater_Temp                 text25       00394C
__end_of_Increase_Time                        text15       002A06
__end_of_Init_ADC                             text93       003A90
__end_of_Init_Interrupt                       text92       0037DE
__end_of_Initialize_Screen                    text41       0009D2
__end_of_Initialize_Setup_Alarm_Time_Screen   text33       001CA2
__end_of_Initialize_Setup_Heater_Screen       text24       001E8C
__end_of_Initialize_Setup_Time_Screen         text14       001B96
__end_of_LCD_Reset                            text50       0039AE
__end_of_Monitor_Heater                       text8        00310A
__end_of_OpenUSART                            text78       002E88
__end_of_Rcmd1                                text49       00197C
__end_of_Rcmd2red                             text48       0034DA
__end_of_Rcmd3                                text47       001F7E
__end_of_Set_DC_RGB                           text12       003602
__end_of_Set_RPM_RGB                          text11       00315C
__end_of_TFT_GreenTab_Initialize              text46       0036EA
__end_of_TIMER1_isr                           text115      003AA8
__end_of_Test_Alarm                           text7        003AF0
__end_of_Toggle_Heater                        text5        003924
__end_of_Turn_Off_Fan                         text79       003868
__end_of_Turn_On_Fan                          text6        00384E
__end_of_Update_Screen                        text4        000652
__end_of_Update_Setup_Alarm_Time_Screen       text63       0023E2
__end_of_Update_Setup_Heater_Screen           text29       00284C
__end_of_Update_Setup_Screen_Cursor_Backward  text36       00126E
__end_of_Update_Setup_Screen_Cursor_Forward   text38       0010BA
__end_of_Update_Setup_Time_Screen             text22       0015A0
__end_of_Wait_One_Sec                         text59       003834
__end_of___awdiv                              text75       0028E2
__end_of___awmod                              text74       002CB0
__end_of___awtoft                             text3        003592
[...]
 Defined at:
		line 111 in file "I2C_Soft.c"
 Parameters:    Size  Location     Type
		None
 Auto vars:     Size  Location     Type
		None
 Return value:  Size  Location     Type
		None               void
 Registers used:
		None
 Tracked objects:
		On entry : 
		On exit  : 
		Unchanged: 
 Data sizes:     COMRAM   BANK0   BANK1   BANK2   BANK3   BANK4   BANK5   BANK6   BANK7   BANK8   BANK9  BANK10  BANK11  BANK12  BANK13  BANK14  BANK15
      Params:         0       0       0       0       0       0       0       0       0       0       0       0       0       0       0       0       0
      Locals:         0       0       0       0       0       0       0       0       0       0       0       0       0       0       0       0       0
      Temps:          0       0       0       0       0       0       0       0       0       0       0       0       0       0       0       0       0
      Totals:         0       0       0       0       0       0       0       0       0       0       0       0       0       0       0       0       0
Total ram usage:        0 bytes
 Hardware stack levels used:    1
 Hardware stack levels required when called:    3
 This function calls:
		Nothing
 This function is called by:
		_I2C_Read
		_I2C_Write
		_i2cNack
		_i2cAck
		_I2C_Start
		_I2C_ReStart
		_I2C_Stop
 This function uses a non-reentrant model


 *************** function _i2cHighSda *****************
 Defined at:
		line 92 in file "I2C_Soft.c"
 Parameters:    Size  Location     Type
		None
 Auto vars:     Size  Location     Type
		None
 Return value:  Size  Location     Type
		None               void
 Registers used:
		None
 Tracked objects:
		On entry : 
		On exit  : 
		Unchanged: 
 Data sizes:     COMRAM   BANK0   BANK1   BANK2   BANK3   BANK4   BANK5   BANK6   BANK7   BANK8   BANK9  BANK10  BANK11  BANK12  BANK13  BANK14  BANK15
      Params:         0       0       0       0       0       0       0       0       0       0       0       0       0       0       0       0       0
      Locals:         0       0       0       0       0       0       0       0       0       0       0       0       0       0       0       0       0
      Temps:          0       0       0       0       0       0       0       0       0       0       0       0       0       0       0       0       0
      Totals:         0       0       0       0       0       0       0       0       0       0       0       0       0       0       0       0       0
Total ram usage:        0 bytes
 Hardware stack levels used:    1
 Hardware stack levels required when called:    3
 This function calls:
		Nothing
 This function is called by:
		_I2C_Init
		_I2C_Read
		_I2C_Write
		_i2cAck
		_I2C_Start
		_I2C_ReStart
		_I2C_Stop
 This function uses a non-reentrant model


 *************** function _i2cHighScl *****************
 Defined at:
		line 105 in file "I2C_Soft.c"
 Parameters:    Size  Location     Type
		None
 Auto vars:     Size  Location     Type
		None
 Return value:  Size  Location     Type
		None               void
 Registers used:
		wreg
 Tracked objects:
		On entry : 
		On exit  : 
		Unchanged: 
 Data sizes:     COMRAM   BANK0   BANK1   BANK2   BANK3   BANK4   BANK5   BANK6   BANK7   BANK8   BANK9  BANK10  BANK11  BANK12  BANK13  BANK14  BANK15
      Params:         0       0       0       0       0       0       0       0       0       0       0       0       0       0       0       0       0
      Locals:         0       0       0       0       0       0       0       0       0       0       0       0       0       0       0       0       0
      Temps:          0       0       0       0       0       0       0       0       0       0       0       0       0       0       0       0       0
      Totals:         0       0       0       0       0       0       0       0       0       0       0       0       0       0       0       0       0
Total ram usage:        0 bytes
 Hardware stack levels used:    1
 Hardware stack levels required when called:    3
 This function calls:
		Nothing
 This function is called by:
		_I2C_Init
		_I2C_Read
		_I2C_Write
		_i2cNack
		_i2cAck
		_I2C_Start
		_I2C_ReStart
		_I2C_Stop
 This function uses a non-reentrant model


 *************** function _chkisr *****************
 Defined at:
		line 35 in file "Interrupt.c"
 Parameters:    Size  Location     Type
		None
 Auto vars:     Size  Location     Type
		None
 Return value:  Size  Location     Type
		None               void
 Registers used:
		wreg, status,2, status,0, cstack
 Tracked objects:
		On entry : 
		On exit  : 
		Unchanged: 
 Data sizes:     COMRAM   BANK0   BANK1   BANK2   BANK3   BANK4   BANK5   BANK6   BANK7   BANK8   BANK9  BANK10  BANK11  BANK12  BANK13  BANK14  BANK15
      Params:         0       0       0       0       0       0       0       0       0       0       0       0       0       0       0       0       0
      Locals:         0       0       0       0       0       0       0       0       0       0       0       0       0       0       0       0       0
      Temps:         14       0       0       0       0       0       0       0       0       0       0       0       0       0       0       0       0
      Totals:        14       0       0       0       0       0       0       0       0       0       0       0       0       0       0       0       0
Total ram usage:       14 bytes
 Hardware stack levels used:    1
 Hardware stack levels required when called:    2
 This function calls:
		_INT0_isr
		_INT1_isr
		_TIMER1_isr
 This function is called by:
		Interrupt level 2
 This function uses a non-reentrant model


 *************** function _TIMER1_isr *****************
 Defined at:
		line 44 in file "Interrupt.c"
 Parameters:    Size  Location     Type
		None
 Auto vars:     Size  Location     Type
		None
 Return value:  Size  Location     Type
		None               void
 Registers used:
		wreg, status,2
 Tracked objects:
		On entry : 
		On exit  : 
		Unchanged: 
 Data sizes:     COMRAM   BANK0   BANK1   BANK2   BANK3   BANK4   BANK5   BANK6   BANK7   BANK8   BANK9  BANK10  BANK11  BANK12  BANK13  BANK14  BANK15
      Params:         0       0       0       0       0       0       0       0       0       0       0       0       0       0       0       0       0
      Locals:         0       0       0       0       0       0       0       0       0       0       0       0       0       0       0       0       0
      Temps:          0       0       0       0       0       0       0       0       0       0       0       0       0       0       0       0       0
      Totals:         0       0       0       0       0       0       0       0       0       0       0       0       0       0       0       0       0
Total ram usage:        0 bytes
 Hardware stack levels used:    1
 This function calls:
		Nothing
 This function is called by:
		_chkisr
 This function uses a non-reentrant model


 *************** function _INT1_isr *****************
 Defined at:
		line 147 in file "Interrupt.c"
 Parameters:    Size  Location     Type
		None
 Auto vars:     Size  Location     Type
		None
 Return value:  Size  Location     Type
		None               void
 Registers used:
		wreg, status,2
 Tracked objects:
		On entry : 
		On exit  : 
		Unchanged: 
 Data sizes:     COMRAM   BANK0   BANK1   BANK2   BANK3   BANK4   BANK5   BANK6   BANK7   BANK8   BANK9  BANK10  BANK11  BANK12  BANK13  BANK14  BANK15
      Params:         0       0       0       0       0       0       0       0       0       0       0       0       0       0       0       0       0
      Locals:         0       0       0       0       0       0       0       0       0       0       0       0       0       0       0       0       0
      Temps:          0       0       0       0       0       0       0       0       0       0       0       0       0       0       0       0       0
      Totals:         0       0       0       0       0       0       0       0       0       0       0       0       0       0       0       0       0
Total ram usage:        0 bytes
 Hardware stack levels used:    1
 This function calls:
		Nothing
 This function is called by:
		_chkisr
 This function uses a non-reentrant model


 *************** function _INT0_isr *****************
 Defined at:
		line 58 in file "Interrupt.c"
 Parameters:    Size  Location     Type
		None
 Auto vars:     Size  Location     Type
		None
 Return value:  Size  Location     Type
		None               void
 Registers used:
		wreg, status,2, status,0, cstack
 Tracked objects:
		On entry : 
		On exit  : 
		Unchanged: 
 Data sizes:     COMRAM   BANK0   BANK1   BANK2   BANK3   BANK4   BANK5   BANK6   BANK7   BANK8   BANK9  BANK10  BANK11  BANK12  BANK13  BANK14  BANK15
      Params:         0       0       0       0       0       0       0       0       0       0       0       0       0       0       0       0       0
      Locals:         0       0       0       0       0       0       0       0       0       0       0       0       0       0       0       0       0
      Temps:          2       0       0       0       0       0       0       0       0       0       0       0       0       0       0       0       0
      Totals:         2       0       0       0       0       0       0       0       0       0       0       0       0       0       0       0       0
Total ram usage:        2 bytes
 Hardware stack levels used:    1
 Hardware stack levels required when called:    1
 This function calls:
		_force_nec_state0
 This function is called by:
		_chkisr
 This function uses a non-reentrant model


 *************** function _force_nec_state0 *****************
 Defined at:
		line 52 in file "Interrupt.c"
 Parameters:    Size  Location     Type
		None
 Auto vars:     Size  Location     Type
		None
 Return value:  Size  Location     Type
		None               void
 Registers used:
		wreg, status,2
 Tracked objects:
		On entry : 
		On exit  : 
		Unchanged: 
 Data sizes:     COMRAM   BANK0   BANK1   BANK2   BANK3   BANK4   BANK5   BANK6   BANK7   BANK8   BANK9  BANK10  BANK11  BANK12  BANK13  BANK14  BANK15
      Params:         0       0       0       0       0       0       0       0       0       0       0       0       0       0       0       0       0
      Locals:         0       0       0       0       0       0       0       0       0       0       0       0       0       0       0       0       0
      Temps:          0       0       0       0       0       0       0       0       0       0       0       0       0       0       0       0       0
      Totals:         0       0       0       0       0       0       0       0       0       0       0       0       0       0       0       0       0
Total ram usage:        0 bytes
 Hardware stack levels used:    1
 This function calls:
		Nothing
 This function is called by:
		_INT0_isr
 This function uses a non-reentrant model



MODULE INFORMATION

Module		Function		Class		Link	Load	Size
I2C_Soft.c
		_I2C_Write_Addr		CODE           	3634	0000	51
		_i2cLowSda     		CODE           	3ABC	0000	11
		_i2cLowScl     		CODE           	3ACE	0000	9
		_I2C_Write_Cmd_		CODE           	3868	0000	27
		_I2C_Write     		CODE           	3518	0000	63
		_I2C_Write_Cmd_		CODE           	3780	0000	33
		_I2C_Stop      		CODE           	39D2	0000	19
		_I2C_Read      		CODE           	3416	0000	73
		_i2cNack       		CODE           	3AB2	0000	11
		_I2C_Init      		CODE           	3AA8	0000	11
		_i2cHighSda    		CODE           	3AD6	0000	9
		_i2cHighScl    		CODE           	3A90	0000	13
		_I2C_Start     		CODE           	39E4	0000	19
		_i2cAck        		CODE           	39F6	0000	19
		_I2C_Write_Addr		CODE           	37A0	0000	33
		_I2C_ReStart   		CODE           	38FA	0000	23

I2C_Soft.c estimated size: 424

D:\Program Files (x86)\Microchip\xc8\v1.34\sources\common\ftmul.c
		___ftmul       		CODE           	1CA2	0000	249

D:\Program Files (x86)\Microchip\xc8\v1.34\sources\common\ftmul.c estimated size: 249

D:\Program Files (x86)\Microchip\xc8\v1.34\sources\common\awtoft.c
		___awtoft      		CODE           	3556	0000	61

D:\Program Files (x86)\Microchip\xc8\v1.34\sources\common\awtoft.c estimated size: 61

D:\Program Files (x86)\Microchip\xc8\v1.34\sources\common\lbtoft.c
		___lbtoft      		CODE           	3738	0000	39

D:\Program Files (x86)\Microchip\xc8\v1.34\sources\common\lbtoft.c estimated size: 39

D:\Program Files (x86)\Microchip\xc8\v1.34\sources\common\ftdiv.c
		___ftdiv       		CODE           	2154	0000	227

D:\Program Files (x86)\Microchip\xc8\v1.34\sources\common\ftdiv.c estimated size: 227

D:\Program Files (x86)\Microchip\xc8\v1.34\sources\common\lwdiv.c
		___lwdiv       		CODE           	2FAC	0000	93

D:\Program Files (x86)\Microchip\xc8\v1.34\sources\common\lwdiv.c estimated size: 93

Setup_Heater_Temp.c
		_Do_Save_New_He		CODE           	394C	0000	21
		_Exit_Setup_Hea		CODE           	3A18	0000	17
		_Initialize_Set		CODE           	1D9A	0000	243
		_Decrease_Heate		CODE           	3960	0000	21
		_Update_Setup_H		CODE           	27AA	0000	163
		_Increase_Heate		CODE           	3938	0000	21
		_Do_Setup_Heate		CODE           	28E2	0000	149

Setup_Heater_Temp.c estimated size: 635

D:\Program Files (x86)\Microchip\xc8\v1.34\sources\common\awdiv.c
		___awdiv       		CODE           	284C	0000	151

D:\Program Files (x86)\Microchip\xc8\v1.34\sources\common\awdiv.c estimated size: 151

D:\Program Files (x86)\Microchip\xc8\v1.34\sources\common\strlen.c
		_strlen        		CODE           	34DA	0000	63

D:\Program Files (x86)\Microchip\xc8\v1.34\sources\common\strlen.c estimated size: 63

D:\Program Files (x86)\Microchip\xc8\v1.34\sources\common\strcpy.c
		_strcpy        		CODE           	3602	0000	51

D:\Program Files (x86)\Microchip\xc8\v1.34\sources\common\strcpy.c estimated size: 51

Fan_Support.c
		_get_duty_cycle		CODE           	1F7E	0000	241
		_Turn_On_Fan   		CODE           	3834	0000	27
		_get_RPM       		CODE           	345E	0000	63
		_Set_DC_RGB    		CODE           	35CE	0000	53
		_Toggle_Heater 		CODE           	3910	0000	21
		_Turn_Off_Fan  		CODE           	384E	0000	27
		_Monitor_Heater		CODE           	30B6	0000	85
		_Set_RPM_RGB   		CODE           	310A	0000	83

Fan_Support.c estimated size: 600

I2C_Support.c
		_DS3231_Write_A		CODE           	2D2E	0000	119
		_DS3231_Init   		CODE           	26F2	0000	185
		_DS3231_Read_Ti		CODE           	2E88	0000	101
		_DS1621_Init   		CODE           	37DE	0000	31
		_DS3231_Write_T		CODE           	2A96	0000	139
		_DS1621_Read_Te		CODE           	3592	0000	61
		_DS3231_Read_Al		CODE           	32EA	0000	77
		_DS3231_Turn_Of		CODE           	31AE	0000	83

I2C_Support.c estimated size: 796

ST7735_TFT.c
		_drawChar      		CODE           	1716	0000	343
		_drawCircle    		CODE           	126E	0000	431
		_fillScreen    		CODE           	37FC	0000	29
		_Rcmd3         		CODE           	1E8C	0000	243
		_write_data    		CODE           	3A38	0000	17
		_setAddrWindow 		CODE           	329C	0000	79
		_drawtext      		CODE           	197C	0000	271
		_fillRect      		CODE           	33CC	0000	75
		_LCD_Reset     		CODE           	399C	0000	19
		_drawPixel     		CODE           	3666	0000	49
		_fillRectangle 		CODE           	2236	0000	221
		_write_command 		CODE           	3A48	0000	17
		_drawFastVLine 		CODE           	2B20	0000	137
		_Rcmd2red      		CODE           	349C	0000	63
		_TFT_GreenTab_I		CODE           	36C0	0000	43
		_delay_ms      		CODE           	315C	0000	83
		_Rcmd1         		CODE           	186C	0000	273
		_spiwrite      		CODE           	3974	0000	21

ST7735_TFT.c estimated size: 2414

D:\Program Files (x86)\Microchip\xc8\v1.34\sources\common\fttol.c
		___fttol       		CODE           	206E	0000	231

D:\Program Files (x86)\Microchip\xc8\v1.34\sources\common\fttol.c estimated size: 231

Main_Screen.c
		_Update_Screen 		CODE           	001C	0000	1591
		_Initialize_Scr		CODE           	0652	0000	897

Main_Screen.c estimated size: 2488

D:\Program Files (x86)\Microchip\xc8\v1.34\sources\common\doprnt.c
		_printf        		CODE           	09D2	0000	859

D:\Program Files (x86)\Microchip\xc8\v1.34\sources\common\doprnt.c estimated size: 859

Main.c
		_Test_Alarm    		CODE           	3AEE	0000	3
		_putch         		CODE           	3A74	0000	15
		_main          		CODE           	0D2C	0000	469
		_init_UART     		CODE           	3988	0000	21
		_Do_Init       		CODE           	2F50	0000	93

Main.c estimated size: 601

D:\Program Files (x86)\Microchip\xc8\v1.34\sources\common\Umul16.c
		___wmul        		CODE           	36EA	0000	41

D:\Program Files (x86)\Microchip\xc8\v1.34\sources\common\Umul16.c estimated size: 41

shared
		_font          		MEDIUMCONST    	FC8B	0000	256
		_dpowers       		MEDIUMCONST    	FE66	0000	11
		__initializatio		CODE           	2DA4	0000	107
		_hexpowers     		MEDIUMCONST    	FE70	0000	9
		_font2         		MEDIUMCONST    	FD8A	0000	221

shared estimated size: 604

Interrupt.c
		_TIMER1_isr    		CODE           	3A9C	0000	13
		_Init_Interrupt		CODE           	37C0	0000	31
		_force_nec_stat		CODE           	3AE6	0000	9
		_INT0_isr      		CODE           	15A0	0000	375
		_INT1_isr      		CODE           	3ADE	0000	9
		_chkisr        		CODE           	0008	0000	151

Interrupt.c estimated size: 588

Setup_Alarm_Time.c
		_Initialize_Set		CODE           	1B96	0000	269
		_Go_Next_Alarm_		CODE           	38CA	0000	25
		_Update_Setup_A		CODE           	2312	0000	209
		_Go_Prev_Alarm_		CODE           	38B2	0000	25
		_Exit_Setup_Ala		CODE           	3A28	0000	17
		_Do_Save_New_Al		CODE           	38E2	0000	25
		_Decrease_Alarm		CODE           	324E	0000	79
		_Increase_Alarm		CODE           	3200	0000	79
		_Do_Setup_Alarm		CODE           	2634	0000	191

Setup_Alarm_Time.c estimated size: 919

utils.c
		_Do_Beep_Bad   		CODE           	3A66	0000	15
		_Do_Beep_Good  		CODE           	3A58	0000	15
		_Init_ADC      		CODE           	3A82	0000	15
		_do_update_pwm 		CODE           	2572	0000	195
		_Activate_Buzze		CODE           	39AE	0000	19
		_Deactivate_Buz		CODE           	3AC6	0000	9
		_Activate_Buzze		CODE           	39C0	0000	19
		_check_for_butt		CODE           	2CB0	0000	127
		_dec_2_bcd     		CODE           	3008	0000	89
		_read_volt     		CODE           	3060	0000	87
		_get_full_ADC  		CODE           	3712	0000	39
		_bcd_2_dec     		CODE           	3696	0000	43
		_Wait_One_Sec  		CODE           	3818	0000	29

utils.c estimated size: 701

D:\Program Files (x86)\Microchip\xc8\v1.34\sources\common\isdigit.c
		_isdigit       		CODE           	375E	0000	35

D:\Program Files (x86)\Microchip\xc8\v1.34\sources\common\isdigit.c estimated size: 35

D:\Program Files (x86)\Microchip\xc8\v1.34\sources\common\float.c
		___ftpack      		CODE           	24AC	0000	199

D:\Program Files (x86)\Microchip\xc8\v1.34\sources\common\float.c estimated size: 199

D:\Program Files (x86)\Microchip\xc8\v1.34\sources\pic18\plib\USART\uopen.c
		_OpenUSART     		CODE           	2E18	0000	113

D:\Program Files (x86)\Microchip\xc8\v1.34\sources\pic18\plib\USART\uopen.c estimated size: 113

D:\Program Files (x86)\Microchip\xc8\v1.34\sources\common\lwmod.c
		___lwmod       		CODE           	3336	0000	77

D:\Program Files (x86)\Microchip\xc8\v1.34\sources\common\lwmod.c estimated size: 77

D:\Program Files (x86)\Microchip\xc8\v1.34\sources\common\awmod.c
		___awmod       		CODE           	2C2E	0000	131

D:\Program Files (x86)\Microchip\xc8\v1.34\sources\common\awmod.c estimated size: 131

Setup_Time.c
		_Decrease_Time 		CODE           	2A06	0000	145
		_Update_Setup_S		CODE           	0F00	0000	443
		_Update_Setup_T		CODE           	141C	0000	389
		_Do_Save_New_Ti		CODE           	3924	0000	21
		_Increase_Time 		CODE           	2976	0000	145
		_Do_Setup_Time 		CODE           	23E2	0000	203
		_Update_Setup_S		CODE           	10BA	0000	437
		_Initialize_Set		CODE           	1A8A	0000	269
		_Go_Next_Field 		CODE           	389A	0000	25
		_Go_Prev_Field 		CODE           	3882	0000	25
		_Exit_Time_Setu		CODE           	3A08	0000	17

Setup_Time.c estimated size: 2119

