Microchip MPLAB XC8 Compiler V1.34 ()

Linker command line:

-W-3 --edf=D:\Program Files (x86)\Microchip\xc8\v1.34\dat\en_msgs.txt -cs \
  -h+dist/default/production\Lab13v2.X.production.sym \
  --cmf=dist/default/production\Lab13v2.X.production.cmf -z -Q18F4620 \
  -oC:\Users\tyson\AppData\Local\Temp\sh8o.6 \
  -Mdist/default/production/Lab13v2.X.production.map -E1 -ver=XC8 \
  -ASTACK=0191h-0f7fh -pstack=STACK -ACODE=00h-0FFFFh -ACONST=00h-0FFFFh \
  -ASMALLCONST=01000h-010FFhx240 -AMEDIUMCONST=01000h-0FFFFh \
  -ACOMRAM=01h-07Fh -AABS1=00h-0F7Fh -ABIGRAM=01h-0F7Fh \
  -ARAM=080h-0FFh,0100h-01FFhx14,0F00h-0F7Fh -ABANK0=080h-0FFh \
  -ABANK1=0100h-01FFh -ABANK2=0200h-02FFh -ABANK3=0300h-03FFh \
  -ABANK4=0400h-04FFh -ABANK5=0500h-05FFh -ABANK6=0600h-06FFh \
  -ABANK7=0700h-07FFh -ABANK8=0800h-08FFh -ABANK9=0900h-09FFh \
  -ABANK10=0A00h-0AFFh -ABANK11=0B00h-0BFFh -ABANK12=0C00h-0CFFh \
  -ABANK13=0D00h-0DFFh -ABANK14=0E00h-0EFFh -ABANK15=0F00h-0F7Fh \
  -ASFR=0F80h-0FFFh \
  -preset_vec=00h,intcode=08h,intcodelo,powerup,init,end_init \
  -pramtop=01000h -psmallconst=SMALLCONST -pmediumconst=MEDIUMCONST \
  -pconst=CONST -AFARRAM=00h-00h -ACONFIG=0300000h-030000Dh -pconfig=CONFIG \
  -AIDLOC=0200000h-0200007h -pidloc=IDLOC -AEEDATA=0F00000h-0F003FFh \
  -peeprom_data=EEDATA \
  -prdata=COMRAM,nvrram=COMRAM,nvbit=COMRAM,rbss=COMRAM,rbit=COMRAM \
  -pfarbss=FARRAM,fardata=FARRAM,nvFARRAM=FARRAM \
  -pintsave_regs=BIGRAM,bigbss=BIGRAM,bigdata=BIGRAM -pbss=RAM \
  -pidata=CODE,irdata=CODE,ibigdata=CODE,ifardata=CODE -prparam=COMRAM \
  C:\Users\tyson\AppData\Local\Temp\sh8o.obj \
  dist/default/production\Lab13v2.X.production.obj 

Object code version is 3.11

Machine type is 18F4620

Call graph: (short form)




                Name                               Link     Load   Length Selector   Space Scale
C:\Users\tyson\AppData\Local\Temp\sh8o.obj
                end_init                             18       18        4        4       0
                reset_vec                             0        0        4        0       0
                idloc                            200000   200000        8   200000       0
                config                           300000   300000        E   300000       0
dist/default/production\Lab13v2.X.production.obj
                intcode                               8        8       10        4       0
                mediumconst                        FC0A     FC0A      3F6     7E05       0
                text128                            5284     5284        A     2298       0
                text127                            2590     2590      18A        4       0
                text126                            527A     527A        A     2298       0
                text125                            5242     5242        E     2298       0
                intcode_body                       4330     4330       86        4       0
                text123                            5250     5250        C     2298       0
                text122                            529E     529E        8     2298       0
                text121                            5296     5296        8     2298       0
                text120                            5270     5270        A     2298       0
                text119                            50F2     50F2       16     2298       0
                text118                            51C4     51C4       12     2298       0
                text117                            5266     5266        A     2298       0
                text116                            4AF0     4AF0       48     2298       0
                text115                            51B2     51B2       12     2298       0
                text114                            51A0     51A0       12     2298       0
                text113                            4C36     4C36       3E     2298       0
                text112                            4CB0     4CB0       3C     2298       0
                text111                            5064     5064       1A     2298       0
                text110                            4F9C     4F9C       20     2298       0
                text109                            4FDA     4FDA       1E     2298       0
                text108                            525C     525C        A     2298       0
                text107                            5234     5234        E     2298       0
                text106                            4FBC     4FBC       1E     2298       0
                text105                            399A     399A       C6        4       0
                text104                            3704     3704       E2        4       0
                text103                            316A     316A       F8        4       0
                text102                            353C     353C       E6        4       0
                text101                            4E4C     4E4C       26     2298       0
                text100                            3D4C     3D4C       B6        4       0
                text99                             405E     405E       96        4       0
                text98                             4E72     4E72       24     2298       0
                text97                             1EB0     1EB0      1C4        4       0
                text96                             4B38     4B38       44     2298       0
                text95                             421C     421C       8C        4       0
                text94                             45A0     45A0       70     2298       0
                text93                             479C     479C       60     2298       0
                text92                             3060     3060      10A        4       0
                text91                             2D38     2D38      110        4       0
                text90                             3FC8     3FC8       96        4       0
                text89                             43B6     43B6       82        4       0
                text88                             4DFE     4DFE       28     2298       0
                text87                             1C6C     1C6C      244        4       0
                text86                             4EDA     4EDA       22     2298       0
                text85                             5226     5226        E     2298       0
                text84                             129C     129C      3E0        4       0
                text83                               1C       1C      C44        4       0
                text82                             4EB8     4EB8       22     2298       0
                text81                             4530     4530       70     2298       0
                text80                             5144     5144       14     2298       0
                text79                             473C     473C       60     2298       0
                text78                             5130     5130       14     2298       0
                text77                             5216     5216       10     2298       0
                text76                             5206     5206       10     2298       0
                text75                             490C     490C       56     2298       0
                text74                             4D50     4D50       30     2298       0
                text73                             42A8     42A8       88        4       0
                text72                             4AA6     4AA6       4A     2298       0
                text71                             289E     289E      156        4       0
                text70                             4BF8     4BF8       3E     2298       0
                text69                             3622     3622       E2        4       0
                text68                             2B16     2B16      112        4       0
                text67                             4858     4858       5C     2298       0
                text66                             518E     518E       12     2298       0
                text65                             528E     528E        8     2298       0
                text64                             5014     5014       1C     2298       0
                text63                             50AE     50AE       18     2298       0
                text62                             517C     517C       12     2298       0
                text61                             5096     5096       18     2298       0
                text60                             4A58     4A58       4E     2298       0
                text59                             4610     4610       66     2298       0
                text58                             48B4     48B4       58     2298       0
                text57                             4438     4438       80        4       0
                text56                             4A06     4A06       52     2298       0
                text55                             516A     516A       12     2298       0
                text54                             2C28     2C28      110        4       0
                text53                             4BBA     4BBA       3E     2298       0
                text52                             344A     344A       F2        4       0
                text51                             4D80     4D80       2C     2298       0
                text50                             23E2     23E2      1AE        4       0
                text49                             37E6     37E6       DC        4       0
                text48                             4FF8     4FF8       1C     2298       0
                text47                             4D1E     4D1E       32     2298       0
                text46                             167C     167C      380        4       0
                text45                             507E     507E       18     2298       0
                text44                             51F6     51F6       10     2298       0
                text43                             2074     2074      1BA        4       0
                text42                             4F7C     4F7C       20     2298       0
                text41                             222E     222E      1B4        4       0
                text40                             4F5C     4F5C       20     2298       0
                text39                             47FC     47FC       5C     2298       0
                text38                             2F54     2F54      10C        4       0
                text37                             4DAC     4DAC       2A     2298       0
                text36                             4188     4188       94        4       0
                text35                             3B20     3B20       C0        4       0
                text34                             3F32     3F32       96        4       0
                text33                             504A     504A       1A     2298       0
                text32                             511C     511C       14     2298       0
                text31                             51E6     51E6       10     2298       0
                text30                             5030     5030       1A     2298       0
                text29                             3358     3358       F2        4       0
                text28                             40F4     40F4       94        4       0
                text27                             271A     271A      184        4       0
                text26                             3C96     3C96       B6        4       0
                text25                             3E02     3E02       9A        4       0
                text24                             5108     5108       14     2298       0
                text23                             51D6     51D6       10     2298       0
                text22                             4F3C     4F3C       20     2298       0
                text21                             4F1C     4F1C       20     2298       0
                text20                             3BE0     3BE0       B6        4       0
                text19                             2E48     2E48      10C        4       0
                text18                             38C2     38C2       D8        4       0
                text17                             3262     3262       F6        4       0
                text16                             3E9C     3E9C       96        4       0
                text15                             5158     5158       12     2298       0
                text14                             4CEC     4CEC       32     2298       0
                text13                             4EFC     4EFC       20     2298       0
                text12                             3A60     3A60       C0        4       0
                text11                             49B4     49B4       52     2298       0
                text10                             4962     4962       52     2298       0
                text9                              50DC     50DC       16     2298       0
                text8                              4C74     4C74       3C     2298       0
                text7                              4E26     4E26       26     2298       0
                text6                              4676     4676       64     2298       0
                text5                              29F4     29F4      122        4       0
                text4                              4E96     4E96       22     2298       0
                text3                              50C6     50C6       16     2298       0
                text2                               C60      C60      63C        4       0
                text1                              4B7C     4B7C       3E     2298       0
                text0                              19FC     19FC      270        4       0
                cstackCOMRAM                          1        1       5F        1       1
                cstackBANK0                          DC       DC       1A       80       1
                cstackBANK1                         177      177       1A      100       1
                dataBANK1                           100      100       77      100       1
                dataBANK0                            B4       B4       28       80       1
                bssBANK0                             80       80       34       80       1
                bssCOMRAM                            60       60       10        1       1
                cinit                              46DA     46DA       62     2298       0
                idataBANK1                         44B8     44B8       77        4       0
                idataBANK0                         4DD6     4DD6       28     2298       0

TOTAL           Name                               Link     Load   Length     Space
        CLASS   STACK          

        CLASS   CODE           
                end_init                             18       18        4         0
                intcode                               8        8       10         0
                reset_vec                             0        0        4         0
                text128                            5284     5284        A         0
                text127                            2590     2590      18A         0
                text126                            527A     527A        A         0
                text125                            5242     5242        E         0
                intcode_body                       4330     4330       86         0
                text123                            5250     5250        C         0
                text122                            529E     529E        8         0
                text121                            5296     5296        8         0
                text120                            5270     5270        A         0
                text119                            50F2     50F2       16         0
                text118                            51C4     51C4       12         0
                text117                            5266     5266        A         0
                text116                            4AF0     4AF0       48         0
                text115                            51B2     51B2       12         0
                text114                            51A0     51A0       12         0
                text113                            4C36     4C36       3E         0
                text112                            4CB0     4CB0       3C         0
                text111                            5064     5064       1A         0
                text110                            4F9C     4F9C       20         0
                text109                            4FDA     4FDA       1E         0
                text108                            525C     525C        A         0
                text107                            5234     5234        E         0
                text106                            4FBC     4FBC       1E         0
                text105                            399A     399A       C6         0
                text104                            3704     3704       E2         0
                text103                            316A     316A       F8         0
                text102                            353C     353C       E6         0
                text101                            4E4C     4E4C       26         0
                text100                            3D4C     3D4C       B6         0
                text99                             405E     405E       96         0
                text98                             4E72     4E72       24         0
                text97                             1EB0     1EB0      1C4         0
                text96                             4B38     4B38       44         0
                text95                             421C     421C       8C         0
                text94                             45A0     45A0       70         0
                text93                             479C     479C       60         0
                text92                             3060     3060      10A         0
                text91                             2D38     2D38      110         0
                text90                             3FC8     3FC8       96         0
                text89                             43B6     43B6       82         0
                text88                             4DFE     4DFE       28         0
                text87                             1C6C     1C6C      244         0
                text86                             4EDA     4EDA       22         0
                text85                             5226     5226        E         0
                text84                             129C     129C      3E0         0
                text83                               1C       1C      C44         0
                text82                             4EB8     4EB8       22         0
                text81                             4530     4530       70         0
                text80                             5144     5144       14         0
                text79                             473C     473C       60         0
                text78                             5130     5130       14         0
                text77                             5216     5216       10         0
                text76                             5206     5206       10         0
                text75                             490C     490C       56         0
                text74                             4D50     4D50       30         0
                text73                             42A8     42A8       88         0
                text72                             4AA6     4AA6       4A         0
                text71                             289E     289E      156         0
                text70                             4BF8     4BF8       3E         0
                text69                             3622     3622       E2         0
                text68                             2B16     2B16      112         0
                text67                             4858     4858       5C         0
                text66                             518E     518E       12         0
                text65                             528E     528E        8         0
                text64                             5014     5014       1C         0
                text63                             50AE     50AE       18         0
                text62                             517C     517C       12         0
                text61                             5096     5096       18         0
                text60                             4A58     4A58       4E         0
                text59                             4610     4610       66         0
                text58                             48B4     48B4       58         0
                text57                             4438     4438       80         0
                text56                             4A06     4A06       52         0
                text55                             516A     516A       12         0
                text54                             2C28     2C28      110         0
                text53                             4BBA     4BBA       3E         0
                text52                             344A     344A       F2         0
                text51                             4D80     4D80       2C         0
                text50                             23E2     23E2      1AE         0
                text49                             37E6     37E6       DC         0
                text48                             4FF8     4FF8       1C         0
                text47                             4D1E     4D1E       32         0
                text46                             167C     167C      380         0
                text45                             507E     507E       18         0
                text44                             51F6     51F6       10         0
                text43                             2074     2074      1BA         0
                text42                             4F7C     4F7C       20         0
                text41                             222E     222E      1B4         0
                text40                             4F5C     4F5C       20         0
                text39                             47FC     47FC       5C         0
                text38                             2F54     2F54      10C         0
                text37                             4DAC     4DAC       2A         0
                text36                             4188     4188       94         0
                text35                             3B20     3B20       C0         0
                text34                             3F32     3F32       96         0
                text33                             504A     504A       1A         0
                text32                             511C     511C       14         0
                text31                             51E6     51E6       10         0
                text30                             5030     5030       1A         0
                text29                             3358     3358       F2         0
                text28                             40F4     40F4       94         0
                text27                             271A     271A      184         0
                text26                             3C96     3C96       B6         0
                text25                             3E02     3E02       9A         0
                text24                             5108     5108       14         0
                text23                             51D6     51D6       10         0
                text22                             4F3C     4F3C       20         0
                text21                             4F1C     4F1C       20         0
                text20                             3BE0     3BE0       B6         0
                text19                             2E48     2E48      10C         0
                text18                             38C2     38C2       D8         0
                text17                             3262     3262       F6         0
                text16                             3E9C     3E9C       96         0
                text15                             5158     5158       12         0
                text14                             4CEC     4CEC       32         0
                text13                             4EFC     4EFC       20         0
                text12                             3A60     3A60       C0         0
                text11                             49B4     49B4       52         0
                text10                             4962     4962       52         0
                text9                              50DC     50DC       16         0
                text8                              4C74     4C74       3C         0
                text7                              4E26     4E26       26         0
                text6                              4676     4676       64         0
                text5                              29F4     29F4      122         0
                text4                              4E96     4E96       22         0
                text3                              50C6     50C6       16         0
                text2                               C60      C60      63C         0
                text1                              4B7C     4B7C       3E         0
                text0                              19FC     19FC      270         0
                cinit                              46DA     46DA       62         0
                idataBANK1                         44B8     44B8       77         0
                idataBANK0                         4DD6     4DD6       28         0

        CLASS   CONST          

        CLASS   SMALLCONST     

        CLASS   MEDIUMCONST    
                mediumconst                        FC0A     FC0A      3F6         0

        CLASS   COMRAM         
                cstackCOMRAM                          1        1       5F         1
                bssCOMRAM                            60       60       10         1

        CLASS   ABS1           

        CLASS   BIGRAM         

        CLASS   RAM            

        CLASS   BANK0          
                cstackBANK0                          DC       DC       1A         1
                dataBANK0                            B4       B4       28         1
                bssBANK0                             80       80       34         1

        CLASS   BANK1          
                cstackBANK1                         177      177       1A         1
                dataBANK1                           100      100       77         1

        CLASS   BANK2          

        CLASS   BANK3          

        CLASS   BANK4          

        CLASS   BANK5          

        CLASS   BANK6          

        CLASS   BANK7          

        CLASS   BANK8          

        CLASS   BANK9          

        CLASS   BANK10         

        CLASS   BANK11         

        CLASS   BANK12         

        CLASS   BANK13         

        CLASS   BANK14         

        CLASS   BANK15         

        CLASS   SFR            

        CLASS   FARRAM         

        CLASS   CONFIG         
                config                           300000   300000        E         0

        CLASS   IDLOC          
                idloc                            200000   200000        8         0

        CLASS   EEDATA         



SEGMENTS        Name                           Load    Length   Top    Selector   Space  Class

                reset_vec                      000000  000004  000004         0       0  CODE    
                cstackCOMRAM                   000001  00006F  000070         1       1  COMRAM  
                intcode                        000008  004527  00452F         4       0  CODE    
                bssBANK0                       000080  000076  0000F6        80       1  BANK0   
                dataBANK1                      000100  000091  000191       100       1  BANK1   
                text81                         004530  000D76  0052A6      2298       0  CODE    
                mediumconst                    00FC0A  0003F6  010000      7E05       0  MEDIUMCO
                idloc                          200000  000008  200008    200000       0  IDLOC   
                config                         300000  00000E  30000E    300000       0  CONFIG  


UNUSED ADDRESS RANGES

        Name                Unused          Largest block    Delta
        BANK0            0000F6-0000FF                A
        BANK1            000191-0001FF               6F
        BANK10           000A00-000AFF              100
        BANK11           000B00-000BFF              100
        BANK12           000C00-000CFF              100
        BANK13           000D00-000DFF              100
        BANK14           000E00-000EFF              100
        BANK15           000F00-000F7F               80
        BANK2            000200-0002FF              100
        BANK3            000300-0003FF              100
        BANK4            000400-0004FF              100
        BANK5            000500-0005FF              100
        BANK6            000600-0006FF              100
        BANK7            000700-0007FF              100
        BANK8            000800-0008FF              100
        BANK9            000900-0009FF              100
        BIGRAM           000070-00007F               10
                         0000F6-0000FF                A
                         000191-000F7F              DEF
        CODE             000004-000007                4
                         00452F-00452F                1
                         0052A6-00FC09             A964
        COMRAM           000070-00007F               10
        CONST            000004-000007                4
                         00452F-00452F                1
                         0052A6-00FC09             A964
        EEDATA           F00000-F003FF              400
        MEDIUMCONST      00452F-00452F                1
                         0052A6-00FC09             A964
        RAM              0000F6-0000FF                A
                         000191-000F7F              100
        SFR              000F80-000FFF               80
        SMALLCONST       00452F-00452F                1
                         0052A6-00FC09              100
        STACK            000191-000F7F              DEF

                                  Symbol Table

?_DS1621_Read_Temp                            cstackCOMRAM 000014
?___awdiv                                     cstackCOMRAM 000017
?___awmod                                     cstackCOMRAM 00003D
?___awtoft                                    cstackCOMRAM 000019
?___ftadd                                     cstackCOMRAM 00004D
?___ftdiv                                     cstackCOMRAM 00002E
?___ftmul                                     cstackCOMRAM 00001F
?___ftneg                                     cstackCOMRAM 000011
?___ftpack                                    cstackCOMRAM 000011
?___ftsub                                     cstackCOMRAM 000059
?___fttol                                     cstackCOMRAM 00002E
?___lbtoft                                    cstackCOMRAM 000019
?___lldiv                                     cstackCOMRAM 000011
?___llmod                                     cstackCOMRAM 00001E
?___lltoft                                    cstackCOMRAM 000019
?___wmul                                      cstackCOMRAM 000011
?__div_to_l_                                  cstackCOMRAM 000011
?__tdiv_to_l_                                 cstackCOMRAM 000011
?_dec_2_bcd                                   cstackCOMRAM 000043
?_fround                                      cstackCOMRAM 000043
?_get_RPM                                     cstackCOMRAM 00001F
?_get_duty_cycle                              cstackCOMRAM 00001F
?_get_full_ADC                                cstackCOMRAM 000011
?_printf                                      cstackBANK0  0000DC
?_read_volt                                   cstackCOMRAM 00003D
?_scale                                       cstackCOMRAM 000043
?_strlen                                      cstackCOMRAM 000011
DS1621_Init@Device                            cstackCOMRAM 000016
DS1621_Read_Temp@Cmd                          cstackCOMRAM 000016
DS1621_Read_Temp@Data_Ret                     cstackCOMRAM 000017
DS1621_Read_Temp@Device                       cstackCOMRAM 000018
DS3231_Init@Address_7                         cstackCOMRAM 000017
DS3231_Init@Address_E                         cstackCOMRAM 000018
DS3231_Init@Device                            cstackCOMRAM 00001A
DS3231_Init@control_E                         cstackCOMRAM 000019
DS3231_Read_Alarm_Time@Address                cstackCOMRAM 000014
DS3231_Read_Alarm_Time@Device                 cstackCOMRAM 000015
DS3231_Read_Time@Address                      cstackCOMRAM 000014
DS3231_Read_Time@Device                       cstackCOMRAM 000015
DS3231_Turn_Off_Alarm@Address_E               cstackCOMRAM 00001B
DS3231_Turn_Off_Alarm@Address_F               cstackCOMRAM 00001C
DS3231_Turn_Off_Alarm@Device                  cstackCOMRAM 00001F
DS3231_Turn_Off_Alarm@control_E               cstackCOMRAM 00001D
DS3231_Turn_Off_Alarm@control_F               cstackCOMRAM 00001E
DS3231_Turn_On_Alarm@Address_E                cstackCOMRAM 00001B
DS3231_Turn_On_Alarm@Address_F                cstackCOMRAM 00001C
DS3231_Turn_On_Alarm@Device                   cstackCOMRAM 00001F
DS3231_Turn_On_Alarm@control_E                cstackCOMRAM 00001D
DS3231_Turn_On_Alarm@control_F                cstackCOMRAM 00001E
DS3231_Write_Alarm_Time@Address               cstackCOMRAM 00004B
DS3231_Write_Alarm_Time@Device                cstackCOMRAM 00004A
DS3231_Write_Time@Address                     cstackCOMRAM 00004B
DS3231_Write_Time@Device                      cstackCOMRAM 00004A
I2C_Init@c                                    cstackCOMRAM 000011
I2C_Read@ack                                  cstackCOMRAM 000011
I2C_Read@inByte                               cstackCOMRAM 000013
I2C_Read@n                                    cstackCOMRAM 000012
I2C_Write@n                                   cstackCOMRAM 000012
I2C_Write@outByte                             cstackCOMRAM 000011
I2C_Write_Address_Read_One_Byte@Address       cstackCOMRAM 000014
I2C_Write_Address_Read_One_Byte@Data_Ret      cstackCOMRAM 000015
I2C_Write_Address_Read_One_Byte@Device        cstackCOMRAM 000016
I2C_Write_Address_Write_One_Byte@Address      cstackCOMRAM 000013
I2C_Write_Address_Write_One_Byte@Data_Out     cstackCOMRAM 000014
I2C_Write_Address_Write_One_Byte@Device       cstackCOMRAM 000015
I2C_Write_Cmd_Only@Cmd                        cstackCOMRAM 000013
I2C_Write_Cmd_Only@Device                     cstackCOMRAM 000014
I2C_Write_Cmd_Write_Data@Cmd                  cstackCOMRAM 000013
I2C_Write_Cmd_Write_Data@Data_Out             cstackCOMRAM 000014
I2C_Write_Cmd_Write_Data@Device               cstackCOMRAM 000015
OpenUSART@config                              cstackCOMRAM 000013
OpenUSART@spbrg                               cstackCOMRAM 000011
Set_RGB_Color@color                           cstackCOMRAM 000012
Update_Screen@neg_DS1621_tempC                cstackCOMRAM 000050
Update_Screen@neg_tempF                       cstackCOMRAM 00004E
Update_Setup_Heater_Screen@dc_char1           cstackCOMRAM 00004A
Update_Setup_Heater_Screen@dc_char2           cstackCOMRAM 00004B
Update_Setup_Heater_Screen@dc_char3           cstackCOMRAM 00004C
Update_Setup_Screen_Cursor_Backward@field     cstackCOMRAM 00002E
Update_Setup_Screen_Cursor_Backward@xinc      cstackCOMRAM 000030
Update_Setup_Screen_Cursor_Backward@yinc      cstackCOMRAM 00002F
Update_Setup_Screen_Cursor_Forward@field      cstackCOMRAM 00002E
Update_Setup_Screen_Cursor_Forward@xinc       cstackCOMRAM 000030
Update_Setup_Screen_Cursor_Forward@yinc       cstackCOMRAM 00002F
Wait_One_Sec@k                                cstackCOMRAM 000011
_ADCON0                                       (abs)        000FC2
_ADCON0bits                                   (abs)        000FC2
_ADCON1                                       (abs)        000FC1
_ADCON2                                       (abs)        000FC0
_ADRESH                                       (abs)        000FC4
_ADRESL                                       (abs)        000FC3
_ALARMEN                                      bssBANK0     000087
_Activate_Buzzer_2KHz                         text62       00517C
_Activate_Buzzer_4KHz                         text15       005158
_Activate_Buzzer_500Hz                        text66       00518E
_Alarm_SW_Txt                                 dataBANK0    0000C6
_CCP1CON                                      (abs)        000FBD
_CCP2CON                                      (abs)        000FBA
_CCPR1L                                       (abs)        000FBE
_CCPR2L                                       (abs)        000FBB
_D2                                           dataBANK1    000134
_DC_Txt                                       dataBANK0    0000CA
_DS1621_Init                                  text109      004FDA
_DS1621_Read_Temp                             text112      004CB0
_DS1621_tempC                                 bssBANK0     000089
_DS1621_tempF                                 bssBANK0     00008B
_DS3231_Init                                  text12       003A60
_DS3231_Read_Alarm_Time                       text60       004A58
_DS3231_Read_Time                             text59       004610
_DS3231_Turn_Off_Alarm                        text11       0049B4
_DS3231_Turn_On_Alarm                         text10       004962
_DS3231_Write_Alarm_Time                      text57       004438
_DS3231_Write_Time                            text25       003E02
_Deactivate_Buzzer                            text65       00528E
_Decrease_Alarm_Time                          text67       004858
_Decrease_Heater_Temp                         text33       00504A
_Decrease_Time                                text26       003C96
_Do_Beep_Bad                                  text63       0050AE
_Do_Beep_Good                                 text61       005096
_Do_Init                                      text79       00473C
_Do_Save_New_Alarm_Time                       text45       00507E
_Do_Save_New_Heater_Temp                      text32       00511C
_Do_Save_New_Time                             text24       005108
_Do_Setup_Alarm_Time                          text35       003B20
_Do_Setup_Heater_Temp                         text28       0040F4
_Do_Setup_Time                                text18       0038C2
_Exit_Setup_Alarm_Time                        text44       0051F6
_Exit_Setup_Heater_Temp                       text31       0051E6
_Exit_Time_Setup                              text23       0051D6
_Go_Next_Alarm_Field                          text42       004F7C
_Go_Next_Field                                text22       004F3C
_Go_Prev_Alarm_Field                          text40       004F5C
_Go_Prev_Field                                text21       004F1C
_HEATER                                       bssBANK0     00009B
_Heater_SW_Txt                                dataBANK0    0000CE
_Heater_Set_Temp_Txt                          dataBANK0    0000B7
_I2C_Init                                     text108      00525C
_I2C_ReStart                                  text119      0050F2
_I2C_Read                                     text116      004AF0
_I2C_Start                                    text115      0051B2
_I2C_Stop                                     text114      0051A0
_I2C_Write                                    text113      004C36
_I2C_Write_Address_Read_One_Byte              text14       004CEC
_I2C_Write_Address_Write_One_Byte             text13       004EFC
_I2C_Write_Cmd_Only                           text111      005064
_I2C_Write_Cmd_Write_Data                     text110      004F9C
_INT0_isr                                     text127      002590
_INT1_flag                                    bssBANK0     00009C
_INT1_isr                                     text126      00527A
_INTCON2bits                                  (abs)        000FF1
_INTCON3bits                                  (abs)        000FF0
_INTCONbits                                   (abs)        000FF2
_In_Alarm_Time_Setup                          bssBANK0     00009D
_In_Heater_Temp_Setup                         bssBANK0     00009E
_In_Time_Setup                                bssBANK0     00009F
_Increase_Alarm_Time                          text39       0047FC
_Increase_Heater_Temp                         text30       005030
_Increase_Time                                text20       003BE0
_Init_ADC                                     text107      005234
_Init_Interrupt                               text106      004FBC
_Initialize_Screen                            text46       00167C
_Initialize_Setup_Alarm_Time_Screen           text38       002F54
_Initialize_Setup_Heater_Screen               text29       003358
_Initialize_Setup_Time_Screen                 text19       002E48
_LCD_Reset                                    text55       00516A
_MATCHED                                      bssBANK0     00008D
_Monitor_Heater                               text16       003E9C
_Nec_code                                     bssBANK0     000080
_Nec_code1                                    bssBANK0     0000A0
_Nec_state                                    bssBANK0     0000A1
_OSCCON                                       (abs)        000FD3
_OpenUSART                                    text81       004530
_PIE1bits                                     (abs)        000F9D
_PIR1bits                                     (abs)        000F9E
_PORTAbits                                    (abs)        000F80
_PORTBbits                                    (abs)        000F81
_PORTCbits                                    (abs)        000F82
_PORTD                                        (abs)        000F83
_PORTDbits                                    (abs)        000F83
_PORTE                                        (abs)        000F84
_PR2                                          (abs)        000FCB
_RBPU                                         (abs)        007F8F
_RCSTA                                        (abs)        000FAB
_RCSTAbits                                    (abs)        000FAB
_RPM_Txt                                      dataBANK0    0000BC
_RTC_ALARM_Txt                                dataBANK0    0000DA
_Rcmd1                                        text54       002C28
_Rcmd2red                                     text53       004BBA
_Rcmd3                                        text52       00344A
_SPBRG                                        (abs)        000FAF
_SPBRGH                                       (abs)        000FB0
_SSPBUF                                       (abs)        000FC9
_SSPCON1                                      (abs)        000FC6
_SSPSTAT                                      (abs)        000FC7
_SSPSTATbits                                  (abs)        000FC7
_Select_Alarm_Field                           bssBANK0     0000A2
_Select_Field                                 bssBANK0     0000A3
_Select_Heater_Temp_Field                     bssBANK0     0000A4
_Set_RGB_Color                                text9        0050DC
_T0CON                                        (abs)        000FD5
_T0CONbits                                    (abs)        000FD5
_T1CON                                        (abs)        000FCD
_T1CONbits                                    (abs)        000FCD
_T2CON                                        (abs)        000FCA
_T3CON                                        (abs)        000FB1
_TFT_GreenTab_Initialize                      text51       004D80
_TIMER1_isr                                   text125      005242
_TMR0H                                        (abs)        000FD7
_TMR0L                                        (abs)        000FD6
_TMR1H                                        (abs)        000FCF
_TMR1L                                        (abs)        000FCE
_TMR3L                                        (abs)        000FB2
_TRISA                                        (abs)        000F92
_TRISB                                        (abs)        000F93
_TRISBbits                                    (abs)        000F93
_TRISC                                        (abs)        000F94
_TRISCbits                                    (abs)        000F94
_TRISD                                        (abs)        000F95
_TRISDbits                                    (abs)        000F95
_TRISE                                        (abs)        000F96
_TRMT                                         (abs)        007D61
_TXREG                                        (abs)        000FAD
_TXSTA                                        (abs)        000FAC
_TXSTAbits                                    (abs)        000FAC
_Test_Alarm                                   text5        0029F4
_Time_Elapsed                                 bssCOMRAM    000060
_Toggle_Heater                                text3        0050C6
_Turn_Off_Fan                                 text82       004EB8
_Turn_On_Fan                                  text4        004E96
_Update_Screen                                text2        000C60
_Update_Screen$3269                           cstackCOMRAM 00004C
_Update_Setup_Alarm_Time_Screen               text68       002B16
_Update_Setup_Heater_Screen                   text34       003F32
_Update_Setup_Screen_Cursor_Backward          text41       00222E
_Update_Setup_Screen_Cursor_Forward           text43       002074
_Update_Setup_Time_Screen                     text27       00271A
_Volt_Txt                                     dataBANK1    000171
_Wait_One_Sec                                 text64       005014
__CFG_BOREN$OFF                               (abs)        000000
__CFG_CCP2MX$PORTBE                           (abs)        000000
__CFG_LVP$OFF                                 (abs)        000000
__CFG_OSC$INTIO67                             (abs)        000000
__CFG_WDT$OFF                                 (abs)        000000
__HRAM                                        (abs)        000000
__Habs1                                       abs1         000000
__Hbank0                                      bank0        000000
__Hbank1                                      bank1        000000
__Hbank10                                     bank10       000000
__Hbank11                                     bank11       000000
__Hbank12                                     bank12       000000
__Hbank13                                     bank13       000000
__Hbank14                                     bank14       000000
__Hbank15                                     bank15       000000
__Hbank2                                      bank2        000000
__Hbank3                                      bank3        000000
__Hbank4                                      bank4        000000
__Hbank5                                      bank5        000000
__Hbank6                                      bank6        000000
__Hbank7                                      bank7        000000
__Hbank8                                      bank8        000000
__Hbank9                                      bank9        000000
__Hbigbss                                     bigbss       000000
__Hbigdata                                    bigdata      000000
__Hbigram                                     bigram       000000
__Hbss                                        bss          000000
__HbssBANK0                                   bssBANK0     000000
__HbssCOMRAM                                  bssCOMRAM    000000
__Hcinit                                      cinit        000000
__Hclrtext                                    clrtext      000000
__Hcomram                                     comram       000000
__Hconfig                                     config       30000E
__Hconst                                      const        000000
__HcstackBANK0                                cstackBANK0  000000
__HcstackBANK1                                cstackBANK1  000000
__HcstackCOMRAM                               cstackCOMRAM 000000
__Hdata                                       data         000000
__HdataBANK0                                  dataBANK0    000000
__HdataBANK1                                  dataBANK1    000000
__Heeprom_data                                eeprom_data  000000
__Hend_init                                   end_init     00001C
__Hfarbss                                     farbss       000000
__Hfardata                                    fardata      000000
__Hibigdata                                   ibigdata     000000
__Hidata                                      idata        000000
__HidataBANK0                                 idataBANK0   000000
__HidataBANK1                                 idataBANK1   000000
__Hidloc                                      idloc        200008
__Hifardata                                   ifardata     000000
__Hinit                                       init         000018
__Hintcode                                    intcode      000018
__Hintcode_body                               intcode_body 000000
__Hintcodelo                                  intcodelo    000018
__Hintentry                                   intentry     000000
__Hintret                                     intret       000000
__Hintsave_regs                               intsave_regs 000000
__Hirdata                                     irdata       000000
__Hmediumconst                                mediumconst  010000
__HnvFARRAM                                   nvFARRAM     000000
__Hnvbit                                      nvbit        000000
__Hnvrram                                     nvrram       000000
__Hparam                                      rparam       000000
__Hpowerup                                    powerup      000018
__Hram                                        ram          000000
__Hramtop                                     ramtop       001000
__Hrbit                                       rbit         000000
__Hrbss                                       rbss         000000
__Hrdata                                      rdata        000000
__Hreset_vec                                  reset_vec    000004
__Hrparam                                     rparam       000000
__Hsfr                                        sfr          000000
__Hsmallconst                                 smallconst   000000
__Hspace_0                                    (abs)        30000E
__Hspace_1                                    (abs)        000191
__Hspace_2                                    (abs)        000000
__Hstack                                      stack        000000
__Hstruct                                     struct       000000
__Htemp                                       temp         000000
__Htext                                       text         000000
__Htext0                                      text0        000000
__Htext1                                      text1        000000
__Htext10                                     text10       000000
__Htext100                                    text100      000000
__Htext101                                    text101      000000
__Htext102                                    text102      000000
__Htext103                                    text103      000000
__Htext104                                    text104      000000
__Htext105                                    text105      000000
__Htext106                                    text106      000000
__Htext107                                    text107      000000
__Htext108                                    text108      000000
__Htext109                                    text109      000000
__Htext11                                     text11       000000
__Htext110                                    text110      000000
__Htext111                                    text111      000000
__Htext112                                    text112      000000
__Htext113                                    text113      000000
__Htext114                                    text114      000000
__Htext115                                    text115      000000
__Htext116                                    text116      000000
__Htext117                                    text117      000000
__Htext118                                    text118      000000
__Htext119                                    text119      000000
__Htext12                                     text12       000000
__Htext120                                    text120      000000
__Htext121                                    text121      000000
__Htext122                                    text122      000000
__Htext123                                    text123      000000
__Htext125                                    text125      000000
__Htext126                                    text126      000000
__Htext127                                    text127      000000
__Htext128                                    text128      000000
__Htext13                                     text13       000000
__Htext14                                     text14       000000
__Htext15                                     text15       000000
__Htext16                                     text16       000000
__Htext17                                     text17       000000
__Htext18                                     text18       000000
__Htext19                                     text19       000000
__Htext2                                      text2        000000
__Htext20                                     text20       000000
__Htext21                                     text21       000000
__Htext22                                     text22       000000
__Htext23                                     text23       000000
__Htext24                                     text24       000000
__Htext25                                     text25       000000
__Htext26                                     text26       000000
__Htext27                                     text27       000000
__Htext28                                     text28       000000
__Htext29                                     text29       000000
__Htext3                                      text3        000000
__Htext30                                     text30       000000
__Htext31                                     text31       000000
__Htext32                                     text32       000000
__Htext33                                     text33       000000
__Htext34                                     text34       000000
__Htext35                                     text35       000000
__Htext36                                     text36       000000
__Htext37                                     text37       000000
__Htext38                                     text38       000000
__Htext39                                     text39       000000
__Htext4                                      text4        000000
__Htext40                                     text40       000000
__Htext41                                     text41       000000
__Htext42                                     text42       000000
__Htext43                                     text43       000000
__Htext44                                     text44       000000
__Htext45                                     text45       000000
__Htext46                                     text46       000000
__Htext47                                     text47       000000
__Htext48                                     text48       000000
__Htext49                                     text49       000000
__Htext5                                      text5        000000
__Htext50                                     text50       000000
__Htext51                                     text51       000000
__Htext52                                     text52       000000
__Htext53                                     text53       000000
__Htext54                                     text54       000000
__Htext55                                     text55       000000
__Htext56                                     text56       000000
__Htext57                                     text57       000000
__Htext58                                     text58       000000
__Htext59                                     text59       000000
__Htext6                                      text6        000000
__Htext60                                     text60       000000
__Htext61                                     text61       000000
__Htext62                                     text62       000000
__Htext63                                     text63       000000
__Htext64                                     text64       000000
__Htext65                                     text65       000000
__Htext66                                     text66       000000
__Htext67                                     text67       000000
__Htext68                                     text68       000000
__Htext69                                     text69       000000
__Htext7                                      text7        000000
__Htext70                                     text70       000000
__Htext71                                     text71       000000
__Htext72                                     text72       000000
__Htext73                                     text73       000000
__Htext74                                     text74       000000
__Htext75                                     text75       000000
__Htext76                                     text76       000000
__Htext77                                     text77       000000
__Htext78                                     text78       000000
__Htext79                                     text79       000000
__Htext8                                      text8        000000
__Htext80                                     text80       000000
__Htext81                                     text81       000000
__Htext82                                     text82       000000
__Htext83                                     text83       000000
__Htext84                                     text84       000000
__Htext85                                     text85       000000
__Htext86                                     text86       000000
__Htext87                                     text87       000000
__Htext88                                     text88       000000
__Htext89                                     text89       000000
__Htext9                                      text9        000000
__Htext90                                     text90       000000
__Htext91                                     text91       000000
__Htext92                                     text92       000000
__Htext93                                     text93       000000
__Htext94                                     text94       000000
__Htext95                                     text95       000000
__Htext96                                     text96       000000
__Htext97                                     text97       000000
__Htext98                                     text98       000000
__Htext99                                     text99       000000
__LRAM                                        (abs)        000001
__Labs1                                       abs1         000000
__Lbank0                                      bank0        000000
__Lbank1                                      bank1        000000
__Lbank10                                     bank10       000000
__Lbank11                                     bank11       000000
__Lbank12                                     bank12       000000
__Lbank13                                     bank13       000000
__Lbank14                                     bank14       000000
__Lbank15                                     bank15       000000
__Lbank2                                      bank2        000000
__Lbank3                                      bank3        000000
__Lbank4                                      bank4        000000
__Lbank5                                      bank5        000000
__Lbank6                                      bank6        000000
__Lbank7                                      bank7        000000
__Lbank8                                      bank8        000000
__Lbank9                                      bank9        000000
__Lbigbss                                     bigbss       000000
__Lbigdata                                    bigdata      000000
__Lbigram                                     bigram       000000
__Lbss                                        bss          000000
__LbssBANK0                                   bssBANK0     000000
__LbssCOMRAM                                  bssCOMRAM    000000
__Lcinit                                      cinit        000000
__Lclrtext                                    clrtext      000000
__Lcomram                                     comram       000000
__Lconfig                                     config       300000
__Lconst                                      const        000000
__LcstackBANK0                                cstackBANK0  000000
__LcstackBANK1                                cstackBANK1  000000
__LcstackCOMRAM                               cstackCOMRAM 000000
__Ldata                                       data         000000
__LdataBANK0                                  dataBANK0    000000
__LdataBANK1                                  dataBANK1    000000
__Leeprom_data                                eeprom_data  000000
__Lend_init                                   end_init     000018
__Lfarbss                                     farbss       000000
__Lfardata                                    fardata      000000
__Libigdata                                   ibigdata     000000
__Lidata                                      idata        000000
__LidataBANK0                                 idataBANK0   000000
__LidataBANK1                                 idataBANK1   000000
__Lidloc                                      idloc        200000
__Lifardata                                   ifardata     000000
__Linit                                       init         000018
__Lintcode                                    intcode      000008
__Lintcode_body                               intcode_body 000000
__Lintcodelo                                  intcodelo    000018
__Lintentry                                   intentry     000000
__Lintret                                     intret       000000
__Lintsave_regs                               intsave_regs 000000
__Lirdata                                     irdata       000000
__Lmediumconst                                mediumconst  00FC0A
__LnvFARRAM                                   nvFARRAM     000000
__Lnvbit                                      nvbit        000000
__Lnvrram                                     nvrram       000000
__Lparam                                      rparam       000000
__Lpowerup                                    powerup      000018
__Lram                                        ram          000000
__Lramtop                                     ramtop       001000
__Lrbit                                       rbit         000000
__Lrbss                                       rbss         000000
__Lrdata                                      rdata        000000
__Lreset_vec                                  reset_vec    000000
__Lrparam                                     rparam       000000
__Lsfr                                        sfr          000000
__Lsmallconst                                 smallconst   000000
__Lspace_0                                    (abs)        000000
__Lspace_1                                    (abs)        000000
__Lspace_2                                    (abs)        000000
__Lstack                                      stack        000000
__Lstruct                                     struct       000000
__Ltemp                                       temp         000000
__Ltext                                       text         000000
__Ltext0                                      text0        000000
__Ltext1                                      text1        000000
__Ltext10                                     text10       000000
__Ltext100                                    text100      000000
__Ltext101                                    text101      000000
__Ltext102                                    text102      000000
__Ltext103                                    text103      000000
__Ltext104                                    text104      000000
__Ltext105                                    text105      000000
__Ltext106                                    text106      000000
__Ltext107                                    text107      000000
__Ltext108                                    text108      000000
__Ltext109                                    text109      000000
__Ltext11                                     text11       000000
__Ltext110                                    text110      000000
__Ltext111                                    text111      000000
__Ltext112                                    text112      000000
__Ltext113                                    text113      000000
__Ltext114                                    text114      000000
__Ltext115                                    text115      000000
__Ltext116                                    text116      000000
__Ltext117                                    text117      000000
__Ltext118                                    text118      000000
__Ltext119                                    text119      000000
__Ltext12                                     text12       000000
__Ltext120                                    text120      000000
__Ltext121                                    text121      000000
__Ltext122                                    text122      000000
__Ltext123                                    text123      000000
__Ltext125                                    text125      000000
__Ltext126                                    text126      000000
__Ltext127                                    text127      000000
__Ltext128                                    text128      000000
__Ltext13                                     text13       000000
__Ltext14                                     text14       000000
__Ltext15                                     text15       000000
__Ltext16                                     text16       000000
__Ltext17                                     text17       000000
__Ltext18                                     text18       000000
__Ltext19                                     text19       000000
__Ltext2                                      text2        000000
__Ltext20                                     text20       000000
__Ltext21                                     text21       000000
__Ltext22                                     text22       000000
__Ltext23                                     text23       000000
__Ltext24                                     text24       000000
__Ltext25                                     text25       000000
__Ltext26                                     text26       000000
__Ltext27                                     text27       000000
__Ltext28                                     text28       000000
__Ltext29                                     text29       000000
__Ltext3                                      text3        000000
__Ltext30                                     text30       000000
__Ltext31                                     text31       000000
__Ltext32                                     text32       000000
__Ltext33                                     text33       000000
__Ltext34                                     text34       000000
__Ltext35                                     text35       000000
__Ltext36                                     text36       000000
__Ltext37                                     text37       000000
__Ltext38                                     text38       000000
__Ltext39                                     text39       000000
__Ltext4                                      text4        000000
__Ltext40                                     text40       000000
__Ltext41                                     text41       000000
__Ltext42                                     text42       000000
__Ltext43                                     text43       000000
__Ltext44                                     text44       000000
__Ltext45                                     text45       000000
__Ltext46                                     text46       000000
__Ltext47                                     text47       000000
__Ltext48                                     text48       000000
__Ltext49                                     text49       000000
__Ltext5                                      text5        000000
__Ltext50                                     text50       000000
__Ltext51                                     text51       000000
__Ltext52                                     text52       000000
__Ltext53                                     text53       000000
__Ltext54                                     text54       000000
__Ltext55                                     text55       000000
__Ltext56                                     text56       000000
__Ltext57                                     text57       000000
__Ltext58                                     text58       000000
__Ltext59                                     text59       000000
__Ltext6                                      text6        000000
__Ltext60                                     text60       000000
__Ltext61                                     text61       000000
__Ltext62                                     text62       000000
__Ltext63                                     text63       000000
__Ltext64                                     text64       000000
__Ltext65                                     text65       000000
__Ltext66                                     text66       000000
__Ltext67                                     text67       000000
__Ltext68                                     text68       000000
__Ltext69                                     text69       000000
__Ltext7                                      text7        000000
__Ltext70                                     text70       000000
__Ltext71                                     text71       000000
__Ltext72                                     text72       000000
__Ltext73                                     text73       000000
__Ltext74                                     text74       000000
__Ltext75                                     text75       000000
__Ltext76                                     text76       000000
__Ltext77                                     text77       000000
__Ltext78                                     text78       000000
__Ltext79                                     text79       000000
__Ltext8                                      text8        000000
__Ltext80                                     text80       000000
__Ltext81                                     text81       000000
__Ltext82                                     text82       000000
__Ltext83                                     text83       000000
__Ltext84                                     text84       000000
__Ltext85                                     text85       000000
__Ltext86                                     text86       000000
__Ltext87                                     text87       000000
__Ltext88                                     text88       000000
__Ltext89                                     text89       000000
__Ltext9                                      text9        000000
__Ltext90                                     text90       000000
__Ltext91                                     text91       000000
__Ltext92                                     text92       000000
__Ltext93                                     text93       000000
__Ltext94                                     text94       000000
__Ltext95                                     text95       000000
__Ltext96                                     text96       000000
__Ltext97                                     text97       000000
__Ltext98                                     text98       000000
__Ltext99                                     text99       000000
__S0                                          (abs)        30000E
__S1                                          (abs)        000191
__S2                                          (abs)        000000
___awdiv                                      text90       003FC8
___awdiv@counter                              cstackCOMRAM 00001B
___awdiv@dividend                             cstackCOMRAM 000017
___awdiv@divisor                              cstackCOMRAM 000019
___awdiv@quotient                             cstackCOMRAM 00001D
___awdiv@sign                                 cstackCOMRAM 00001C
___awmod                                      text89       0043B6
___awmod@counter                              cstackCOMRAM 000041
___awmod@dividend                             cstackCOMRAM 00003D
___awmod@divisor                              cstackCOMRAM 00003F
___awmod@sign                                 cstackCOMRAM 000042
___awtoft                                     text8        004C74
___awtoft@c                                   cstackCOMRAM 000019
___awtoft@sign                                cstackCOMRAM 00001C
___ftadd                                      text97       001EB0
___ftadd@exp1                                 cstackCOMRAM 000058
___ftadd@exp2                                 cstackCOMRAM 000057
___ftadd@f1                                   cstackCOMRAM 00004D
___ftadd@f2                                   cstackCOMRAM 000050
___ftadd@sign                                 cstackCOMRAM 000056
___ftdiv                                      text104      003704
___ftdiv@cntr                                 cstackCOMRAM 000037
___ftdiv@exp                                  cstackCOMRAM 00003B
___ftdiv@f1                                   cstackCOMRAM 00002E
___ftdiv@f2                                   cstackCOMRAM 000031
___ftdiv@f3                                   cstackCOMRAM 000038
___ftdiv@sign                                 cstackCOMRAM 00003C
___ftge                                       text99       00405E
___ftge@ff1                                   cstackCOMRAM 000011
___ftge@ff2                                   cstackCOMRAM 000014
___ftmul                                      text103      00316A
___ftmul@cntr                                 cstackCOMRAM 00002C
___ftmul@exp                                  cstackCOMRAM 000028
___ftmul@f1                                   cstackCOMRAM 00001F
___ftmul@f2                                   cstackCOMRAM 000022
___ftmul@f3_as_product                        cstackCOMRAM 000029
___ftmul@sign                                 cstackCOMRAM 00002D
___ftneg                                      text98       004E72
___ftneg@f1                                   cstackCOMRAM 000011
___ftpack                                     text105      00399A
___ftpack@arg                                 cstackCOMRAM 000011
___ftpack@exp                                 cstackCOMRAM 000014
___ftpack@sign                                cstackCOMRAM 000015
___ftsub                                      text96       004B38
___ftsub@f1                                   cstackCOMRAM 000059
___ftsub@f2                                   cstackCOMRAM 00005C
___fttol                                      text102      00353C
___fttol@exp1                                 cstackCOMRAM 00003C
___fttol@f1                                   cstackCOMRAM 00002E
___fttol@lval                                 cstackCOMRAM 000038
___fttol@sign1                                cstackCOMRAM 000037
___inthi_sp                                   stack        000000
___intlo_sp                                   stack        000000
___lbtoft                                     text101      004E4C
___lbtoft@c                                   cstackCOMRAM 00001C
___lldiv                                      text95       00421C
___lldiv@counter                              cstackCOMRAM 00001D
___lldiv@dividend                             cstackCOMRAM 000011
___lldiv@divisor                              cstackCOMRAM 000015
___lldiv@quotient                             cstackCOMRAM 000019
___llmod                                      text94       0045A0
___llmod@counter                              cstackCOMRAM 000026
___llmod@dividend                             cstackCOMRAM 00001E
___llmod@divisor                              cstackCOMRAM 000022
___lltoft                                     text93       00479C
___lltoft@c                                   cstackCOMRAM 000019
___lltoft@exp                                 cstackCOMRAM 000021
___param_bank                                 (abs)        000010
___rparam_used                                (abs)        000001
___sp                                         stack        000000
___wmul                                       text88       004DFE
___wmul@multiplicand                          cstackCOMRAM 000013
___wmul@multiplier                            cstackCOMRAM 000011
___wmul@product                               cstackCOMRAM 000015
__accesstop                                   (abs)        000080
__activetblptr                                (abs)        000002
__div_to_l_                                   text92       003060
__div_to_l_@cntr                              cstackCOMRAM 00001B
__div_to_l_@exp1                              cstackCOMRAM 00001C
__div_to_l_@f1                                cstackCOMRAM 000011
__div_to_l_@f2                                cstackCOMRAM 000014
__div_to_l_@quot                              cstackCOMRAM 000017
__end_of_Activate_Buzzer_2KHz                 text62       00518E
[...]
		On entry : 
		On exit  : 
		Unchanged: 
 Data sizes:     COMRAM   BANK0   BANK1   BANK2   BANK3   BANK4   BANK5   BANK6   BANK7   BANK8   BANK9  BANK10  BANK11  BANK12  BANK13  BANK14  BANK15
      Params:         0       0       0       0       0       0       0       0       0       0       0       0       0       0       0       0       0
      Locals:         0       0       0       0       0       0       0       0       0       0       0       0       0       0       0       0       0
      Temps:          0       0       0       0       0       0       0       0       0       0       0       0       0       0       0       0       0
      Totals:         0       0       0       0       0       0       0       0       0       0       0       0       0       0       0       0       0
Total ram usage:        0 bytes
 Hardware stack levels used:    1
 Hardware stack levels required when called:    3
 This function calls:
		Nothing
 This function is called by:
		_I2C_Init
		_I2C_Read
		_I2C_Write
		_i2cAck
		_I2C_Start
		_I2C_ReStart
		_I2C_Stop
 This function uses a non-reentrant model


 *************** function _i2cHighScl *****************
 Defined at:
		line 105 in file "I2C_Soft.c"
 Parameters:    Size  Location     Type
		None
 Auto vars:     Size  Location     Type
		None
 Return value:  Size  Location     Type
		None               void
 Registers used:
		wreg
 Tracked objects:
		On entry : 
		On exit  : 
		Unchanged: 
 Data sizes:     COMRAM   BANK0   BANK1   BANK2   BANK3   BANK4   BANK5   BANK6   BANK7   BANK8   BANK9  BANK10  BANK11  BANK12  BANK13  BANK14  BANK15
      Params:         0       0       0       0       0       0       0       0       0       0       0       0       0       0       0       0       0
      Locals:         0       0       0       0       0       0       0       0       0       0       0       0       0       0       0       0       0
      Temps:          0       0       0       0       0       0       0       0       0       0       0       0       0       0       0       0       0
      Totals:         0       0       0       0       0       0       0       0       0       0       0       0       0       0       0       0       0
Total ram usage:        0 bytes
 Hardware stack levels used:    1
 Hardware stack levels required when called:    3
 This function calls:
		Nothing
 This function is called by:
		_I2C_Init
		_I2C_Read
		_I2C_Write
		_i2cNack
		_i2cAck
		_I2C_Start
		_I2C_ReStart
		_I2C_Stop
 This function uses a non-reentrant model


 *************** function _chkisr *****************
 Defined at:
		line 38 in file "Interrupt.c"
 Parameters:    Size  Location     Type
		None
 Auto vars:     Size  Location     Type
		None
 Return value:  Size  Location     Type
		None               void
 Registers used:
		wreg, status,2, status,0, cstack
 Tracked objects:
		On entry : 
		On exit  : 
		Unchanged: 
 Data sizes:     COMRAM   BANK0   BANK1   BANK2   BANK3   BANK4   BANK5   BANK6   BANK7   BANK8   BANK9  BANK10  BANK11  BANK12  BANK13  BANK14  BANK15
      Params:         0       0       0       0       0       0       0       0       0       0       0       0       0       0       0       0       0
      Locals:         0       0       0       0       0       0       0       0       0       0       0       0       0       0       0       0       0
      Temps:         14       0       0       0       0       0       0       0       0       0       0       0       0       0       0       0       0
      Totals:        14       0       0       0       0       0       0       0       0       0       0       0       0       0       0       0       0
Total ram usage:       14 bytes
 Hardware stack levels used:    1
 Hardware stack levels required when called:    2
 This function calls:
		_INT0_isr
		_INT1_isr
		_TIMER1_isr
 This function is called by:
		Interrupt level 2
 This function uses a non-reentrant model


 *************** function _TIMER1_isr *****************
 Defined at:
		line 47 in file "Interrupt.c"
 Parameters:    Size  Location     Type
		None
 Auto vars:     Size  Location     Type
		None
 Return value:  Size  Location     Type
		None               void
 Registers used:
		wreg, status,2
 Tracked objects:
		On entry : 
		On exit  : 
		Unchanged: 
 Data sizes:     COMRAM   BANK0   BANK1   BANK2   BANK3   BANK4   BANK5   BANK6   BANK7   BANK8   BANK9  BANK10  BANK11  BANK12  BANK13  BANK14  BANK15
      Params:         0       0       0       0       0       0       0       0       0       0       0       0       0       0       0       0       0
      Locals:         0       0       0       0       0       0       0       0       0       0       0       0       0       0       0       0       0
      Temps:          0       0       0       0       0       0       0       0       0       0       0       0       0       0       0       0       0
      Totals:         0       0       0       0       0       0       0       0       0       0       0       0       0       0       0       0       0
Total ram usage:        0 bytes
 Hardware stack levels used:    1
 This function calls:
		Nothing
 This function is called by:
		_chkisr
 This function uses a non-reentrant model


 *************** function _INT1_isr *****************
 Defined at:
		line 150 in file "Interrupt.c"
 Parameters:    Size  Location     Type
		None
 Auto vars:     Size  Location     Type
		None
 Return value:  Size  Location     Type
		None               void
 Registers used:
		wreg, status,2
 Tracked objects:
		On entry : 
		On exit  : 
		Unchanged: 
 Data sizes:     COMRAM   BANK0   BANK1   BANK2   BANK3   BANK4   BANK5   BANK6   BANK7   BANK8   BANK9  BANK10  BANK11  BANK12  BANK13  BANK14  BANK15
      Params:         0       0       0       0       0       0       0       0       0       0       0       0       0       0       0       0       0
      Locals:         0       0       0       0       0       0       0       0       0       0       0       0       0       0       0       0       0
      Temps:          0       0       0       0       0       0       0       0       0       0       0       0       0       0       0       0       0
      Totals:         0       0       0       0       0       0       0       0       0       0       0       0       0       0       0       0       0
Total ram usage:        0 bytes
 Hardware stack levels used:    1
 This function calls:
		Nothing
 This function is called by:
		_chkisr
 This function uses a non-reentrant model


 *************** function _INT0_isr *****************
 Defined at:
		line 61 in file "Interrupt.c"
 Parameters:    Size  Location     Type
		None
 Auto vars:     Size  Location     Type
		None
 Return value:  Size  Location     Type
		None               void
 Registers used:
		wreg, status,2, status,0, cstack
 Tracked objects:
		On entry : 
		On exit  : 
		Unchanged: 
 Data sizes:     COMRAM   BANK0   BANK1   BANK2   BANK3   BANK4   BANK5   BANK6   BANK7   BANK8   BANK9  BANK10  BANK11  BANK12  BANK13  BANK14  BANK15
      Params:         0       0       0       0       0       0       0       0       0       0       0       0       0       0       0       0       0
      Locals:         0       0       0       0       0       0       0       0       0       0       0       0       0       0       0       0       0
      Temps:          2       0       0       0       0       0       0       0       0       0       0       0       0       0       0       0       0
      Totals:         2       0       0       0       0       0       0       0       0       0       0       0       0       0       0       0       0
Total ram usage:        2 bytes
 Hardware stack levels used:    1
 Hardware stack levels required when called:    1
 This function calls:
		_force_nec_state0
 This function is called by:
		_chkisr
 This function uses a non-reentrant model


 *************** function _force_nec_state0 *****************
 Defined at:
		line 55 in file "Interrupt.c"
 Parameters:    Size  Location     Type
		None
 Auto vars:     Size  Location     Type
		None
 Return value:  Size  Location     Type
		None               void
 Registers used:
		wreg, status,2
 Tracked objects:
		On entry : 
		On exit  : 
		Unchanged: 
 Data sizes:     COMRAM   BANK0   BANK1   BANK2   BANK3   BANK4   BANK5   BANK6   BANK7   BANK8   BANK9  BANK10  BANK11  BANK12  BANK13  BANK14  BANK15
      Params:         0       0       0       0       0       0       0       0       0       0       0       0       0       0       0       0       0
      Locals:         0       0       0       0       0       0       0       0       0       0       0       0       0       0       0       0       0
      Temps:          0       0       0       0       0       0       0       0       0       0       0       0       0       0       0       0       0
      Totals:         0       0       0       0       0       0       0       0       0       0       0       0       0       0       0       0       0
Total ram usage:        0 bytes
 Hardware stack levels used:    1
 This function calls:
		Nothing
 This function is called by:
		_INT0_isr
 This function uses a non-reentrant model



MODULE INFORMATION

Module		Function		Class		Link	Load	Size
I2C_Soft.c
		_I2C_Write_Addr		CODE           	4CEC	0000	51
		_i2cLowSda     		CODE           	5270	0000	11
		_i2cLowScl     		CODE           	5296	0000	9
		_I2C_Write_Cmd_		CODE           	5064	0000	27
		_I2C_Write     		CODE           	4C36	0000	63
		_I2C_Write_Cmd_		CODE           	4F9C	0000	33
		_I2C_Stop      		CODE           	51A0	0000	19
		_I2C_Read      		CODE           	4AF0	0000	73
		_i2cNack       		CODE           	5266	0000	11
		_I2C_Init      		CODE           	525C	0000	11
		_i2cHighSda    		CODE           	529E	0000	9
		_i2cHighScl    		CODE           	5250	0000	13
		_I2C_Start     		CODE           	51B2	0000	19
		_i2cAck        		CODE           	51C4	0000	19
		_I2C_Write_Addr		CODE           	4EFC	0000	33
		_I2C_ReStart   		CODE           	50F2	0000	23

I2C_Soft.c estimated size: 424

D:\Program Files (x86)\Microchip\xc8\v1.34\sources\common\ftmul.c
		___ftmul       		CODE           	316A	0000	249

D:\Program Files (x86)\Microchip\xc8\v1.34\sources\common\ftmul.c estimated size: 249

D:\Program Files (x86)\Microchip\xc8\v1.34\sources\common\awtoft.c
		___awtoft      		CODE           	4C74	0000	61

D:\Program Files (x86)\Microchip\xc8\v1.34\sources\common\awtoft.c estimated size: 61

D:\Program Files (x86)\Microchip\xc8\v1.34\sources\common\lbtoft.c
		___lbtoft      		CODE           	4E4C	0000	39

D:\Program Files (x86)\Microchip\xc8\v1.34\sources\common\lbtoft.c estimated size: 39

D:\Program Files (x86)\Microchip\xc8\v1.34\sources\common\ftdiv.c
		___ftdiv       		CODE           	3704	0000	227

D:\Program Files (x86)\Microchip\xc8\v1.34\sources\common\ftdiv.c estimated size: 227

Setup_Heater_Temp.c
		_Do_Save_New_He		CODE           	511C	0000	21
		_Exit_Setup_Hea		CODE           	51E6	0000	17
		_Initialize_Set		CODE           	3358	0000	243
		_Decrease_Heate		CODE           	504A	0000	27
		_Update_Setup_H		CODE           	3F32	0000	151
		_Increase_Heate		CODE           	5030	0000	27
		_Do_Setup_Heate		CODE           	40F4	0000	149

Setup_Heater_Temp.c estimated size: 635

D:\Program Files (x86)\Microchip\xc8\v1.34\sources\common\awdiv.c
		___awdiv       		CODE           	3FC8	0000	151

D:\Program Files (x86)\Microchip\xc8\v1.34\sources\common\awdiv.c estimated size: 151

D:\Program Files (x86)\Microchip\xc8\v1.34\sources\common\lldiv.c
		___lldiv       		CODE           	421C	0000	141

D:\Program Files (x86)\Microchip\xc8\v1.34\sources\common\lldiv.c estimated size: 141

D:\Program Files (x86)\Microchip\xc8\v1.34\sources\common\strlen.c
		_strlen        		CODE           	4BF8	0000	63

D:\Program Files (x86)\Microchip\xc8\v1.34\sources\common\strlen.c estimated size: 63

D:\Program Files (x86)\Microchip\xc8\v1.34\sources\common\lltoft.c
		___lltoft      		CODE           	479C	0000	97

D:\Program Files (x86)\Microchip\xc8\v1.34\sources\common\lltoft.c estimated size: 97

D:\Program Files (x86)\Microchip\xc8\v1.34\sources\common\strcpy.c
		_strcpy        		CODE           	4D1E	0000	51

D:\Program Files (x86)\Microchip\xc8\v1.34\sources\common\strcpy.c estimated size: 51

Fan_Support.c
		_get_duty_cycle		CODE           	3262	0000	247
		_Turn_On_Fan   		CODE           	4E96	0000	35
		_get_RPM       		CODE           	4B7C	0000	63
		_Toggle_Heater 		CODE           	50C6	0000	23
		_Turn_Off_Fan  		CODE           	4EB8	0000	35
		_Monitor_Heater		CODE           	3E9C	0000	151

Fan_Support.c estimated size: 554

I2C_Support.c
		_DS3231_Write_A		CODE           	4438	0000	129
		_DS3231_Init   		CODE           	3A60	0000	193
		_DS3231_Read_Ti		CODE           	4610	0000	103
		_DS1621_Init   		CODE           	4FDA	0000	31
		_DS3231_Write_T		CODE           	3E02	0000	155
		_DS1621_Read_Te		CODE           	4CB0	0000	61
		_DS3231_Turn_On		CODE           	4962	0000	83
		_DS3231_Read_Al		CODE           	4A58	0000	79
		_DS3231_Turn_Of		CODE           	49B4	0000	83

I2C_Support.c estimated size: 917

ST7735_TFT.c
		_drawChar      		CODE           	289E	0000	343
		_drawCircle    		CODE           	23E2	0000	431
		_fillScreen    		CODE           	4FF8	0000	29
		_Rcmd3         		CODE           	344A	0000	243
		_write_data    		CODE           	5206	0000	17
		_setAddrWindow 		CODE           	490C	0000	87
		_drawtext      		CODE           	3622	0000	227
		_fillRect      		CODE           	4AA6	0000	75
		_LCD_Reset     		CODE           	516A	0000	19
		_drawPixel     		CODE           	4D50	0000	49
		_fillRectangle 		CODE           	37E6	0000	221
		_write_command 		CODE           	5216	0000	17
		_drawFastVLine 		CODE           	42A8	0000	137
		_Rcmd2red      		CODE           	4BBA	0000	63
		_TFT_GreenTab_I		CODE           	4D80	0000	45
		_delay_ms      		CODE           	4A06	0000	83
		_Rcmd1         		CODE           	2C28	0000	273
		_spiwrite      		CODE           	5130	0000	21

ST7735_TFT.c estimated size: 2380

D:\Program Files (x86)\Microchip\xc8\v1.34\sources\common\fttol.c
		___fttol       		CODE           	353C	0000	231

D:\Program Files (x86)\Microchip\xc8\v1.34\sources\common\fttol.c estimated size: 231

Main_Screen.c
		_Update_Screen 		CODE           	0C60	0000	1597
		_Initialize_Scr		CODE           	167C	0000	897

Main_Screen.c estimated size: 2494

D:\Program Files (x86)\Microchip\xc8\v1.34\sources\common\doprnt.c
		_scale         		CODE           	129C	0000	993
		_printf        		CODE           	001C	0000	3141
		_fround        		CODE           	1C6C	0000	581

D:\Program Files (x86)\Microchip\xc8\v1.34\sources\common\doprnt.c estimated size: 4715

D:\Program Files (x86)\Microchip\xc8\v1.34\sources\common\ftadd.c
		___ftadd       		CODE           	1EB0	0000	453

D:\Program Files (x86)\Microchip\xc8\v1.34\sources\common\ftadd.c estimated size: 453

Main.c
		_Test_Alarm    		CODE           	29F4	0000	291
		_putch         		CODE           	5226	0000	15
		_main          		CODE           	19FC	0000	625
		_init_UART     		CODE           	5144	0000	21
		_Do_Init       		CODE           	473C	0000	97

Main.c estimated size: 1049

D:\Program Files (x86)\Microchip\xc8\v1.34\sources\common\Umul16.c
		___wmul        		CODE           	4DFE	0000	41

D:\Program Files (x86)\Microchip\xc8\v1.34\sources\common\Umul16.c estimated size: 41

shared
		__powers_      		MEDIUMCONST    	FE35	0000	40
		_font          		MEDIUMCONST    	FC0B	0000	256
		_dpowers       		MEDIUMCONST    	FDE6	0000	41
		__npowers_     		MEDIUMCONST    	FE0E	0000	40
		__initializatio		CODE           	46DA	0000	89
		_hexpowers     		MEDIUMCONST    	FE5C	0000	33
		_font2         		MEDIUMCONST    	FD0A	0000	221

shared estimated size: 720

Interrupt.c
		_TIMER1_isr    		CODE           	5242	0000	15
		_Init_Interrupt		CODE           	4FBC	0000	31
		_force_nec_stat		CODE           	5284	0000	11
		_INT0_isr      		CODE           	2590	0000	395
		_INT1_isr      		CODE           	527A	0000	11
		_chkisr        		CODE           	0008	0000	151

Interrupt.c estimated size: 614

Setup_Alarm_Time.c
		_Initialize_Set		CODE           	2F54	0000	269
		_Go_Next_Alarm_		CODE           	4F7C	0000	33
		_Update_Setup_A		CODE           	2B16	0000	275
		_Go_Prev_Alarm_		CODE           	4F5C	0000	33
		_Exit_Setup_Ala		CODE           	51F6	0000	17
		_Do_Save_New_Al		CODE           	507E	0000	25
		_Decrease_Alarm		CODE           	4858	0000	93
		_Increase_Alarm		CODE           	47FC	0000	93
		_Do_Setup_Alarm		CODE           	3B20	0000	193

Setup_Alarm_Time.c estimated size: 1031

utils.c
		_Do_Beep_Bad   		CODE           	50AE	0000	25
		_Do_Beep_Good  		CODE           	5096	0000	25
		_Init_ADC      		CODE           	5234	0000	15
		_do_update_pwm 		CODE           	3D4C	0000	183
		_Activate_Buzze		CODE           	517C	0000	19
		_Activate_Buzze		CODE           	5158	0000	19
		_Deactivate_Buz		CODE           	528E	0000	9
		_Activate_Buzze		CODE           	518E	0000	19
		_check_for_butt		CODE           	4188	0000	149
		_Set_RGB_Color 		CODE           	50DC	0000	23
		_dec_2_bcd     		CODE           	48B4	0000	89
		_read_volt     		CODE           	4676	0000	101
		_get_full_ADC  		CODE           	4E26	0000	39
		_bcd_2_dec     		CODE           	4DAC	0000	43
		_Wait_One_Sec  		CODE           	5014	0000	29

utils.c estimated size: 787

D:\Program Files (x86)\Microchip\xc8\v1.34\sources\common\ftneg.c
		___ftneg       		CODE           	4E72	0000	37

D:\Program Files (x86)\Microchip\xc8\v1.34\sources\common\ftneg.c estimated size: 37

D:\Program Files (x86)\Microchip\xc8\v1.34\sources\common\isdigit.c
		_isdigit       		CODE           	4EDA	0000	35

D:\Program Files (x86)\Microchip\xc8\v1.34\sources\common\isdigit.c estimated size: 35

D:\Program Files (x86)\Microchip\xc8\v1.34\sources\common\ftdivl.c
		__tdiv_to_l_   		CODE           	2D38	0000	273

D:\Program Files (x86)\Microchip\xc8\v1.34\sources\common\ftdivl.c estimated size: 273

D:\Program Files (x86)\Microchip\xc8\v1.34\sources\common\ftsub.c
		___ftsub       		CODE           	4B38	0000	69

D:\Program Files (x86)\Microchip\xc8\v1.34\sources\common\ftsub.c estimated size: 69

D:\Program Files (x86)\Microchip\xc8\v1.34\sources\common\float.c
		___ftpack      		CODE           	399A	0000	199

D:\Program Files (x86)\Microchip\xc8\v1.34\sources\common\float.c estimated size: 199

D:\Program Files (x86)\Microchip\xc8\v1.34\sources\common\ftge.c
		___ftge        		CODE           	405E	0000	151

D:\Program Files (x86)\Microchip\xc8\v1.34\sources\common\ftge.c estimated size: 151

D:\Program Files (x86)\Microchip\xc8\v1.34\sources\pic18\plib\USART\uopen.c
		_OpenUSART     		CODE           	4530	0000	113

D:\Program Files (x86)\Microchip\xc8\v1.34\sources\pic18\plib\USART\uopen.c estimated size: 113

D:\Program Files (x86)\Microchip\xc8\v1.34\sources\common\awmod.c
		___awmod       		CODE           	43B6	0000	131

D:\Program Files (x86)\Microchip\xc8\v1.34\sources\common\awmod.c estimated size: 131

D:\Program Files (x86)\Microchip\xc8\v1.34\sources\common\fldivl.c
		__div_to_l_    		CODE           	3060	0000	267

D:\Program Files (x86)\Microchip\xc8\v1.34\sources\common\fldivl.c estimated size: 267

D:\Program Files (x86)\Microchip\xc8\v1.34\sources\common\llmod.c
		___llmod       		CODE           	45A0	0000	113

D:\Program Files (x86)\Microchip\xc8\v1.34\sources\common\llmod.c estimated size: 113

Setup_Time.c
		_Decrease_Time 		CODE           	3C96	0000	183
		_Update_Setup_S		CODE           	2074	0000	443
		_Update_Setup_T		CODE           	271A	0000	389
		_Do_Save_New_Ti		CODE           	5108	0000	21
		_Increase_Time 		CODE           	3BE0	0000	183
		_Do_Setup_Time 		CODE           	38C2	0000	217
		_Update_Setup_S		CODE           	222E	0000	437
		_Initialize_Set		CODE           	2E48	0000	269
		_Go_Next_Field 		CODE           	4F3C	0000	33
		_Go_Prev_Field 		CODE           	4F1C	0000	33
		_Exit_Time_Setu		CODE           	51D6	0000	17

Setup_Time.c estimated size: 2225

