MPLINK 5.08, LINKER
Linker Map File - Created Wed Feb 23 17:16:12 2022

                                 Section Info
                  Section       Type    Address   Location Size(Bytes)
                ---------  ---------  ---------  ---------  ---------
                   .org_0       code   0x000000    program   0x000028
                   .cinit    romdata   0x000028    program   0x000002
.config_300001_BUILD/DEFAULT/PRODUCTION/LAB4PA.    romdata   0x300001    program   0x000001
.config_300002_BUILD/DEFAULT/PRODUCTION/LAB4PA.    romdata   0x300002    program   0x000001
.config_300003_BUILD/DEFAULT/PRODUCTION/LAB4PA.    romdata   0x300003    program   0x000001
.config_300006_BUILD/DEFAULT/PRODUCTION/LAB4PA.    romdata   0x300006    program   0x000001



                              Program Memory Usage 
                               Start         End      
                           ---------   ---------      
                            0x000000    0x000029      
                            0x300001    0x300003      
                            0x300006    0x300006      
            46 out of 66584 program addresses used, program memory utilization is 0%



                              Symbols - Sorted by Name
                     Name    Address   Location    Storage File                     
                ---------  ---------  ---------  --------- ---------                
                MAIN_LOOP   0x000014    program     static D:\Documents\MPLABXProjects\ECE3301L\LAB4\PartA\Lab4pA.X\Lab4pA.asm
                    START   0x000000    program     static D:\Documents\MPLABXProjects\ECE3301L\LAB4\PartA\Lab4pA.X\Lab4pA.asm



                              Symbols - Sorted by Address
                     Name    Address   Location    Storage File                     
                ---------  ---------  ---------  --------- ---------                
                    START   0x000000    program     static D:\Documents\MPLABXProjects\ECE3301L\LAB4\PartA\Lab4pA.X\Lab4pA.asm
                MAIN_LOOP   0x000014    program     static D:\Documents\MPLABXProjects\ECE3301L\LAB4\PartA\Lab4pA.X\Lab4pA.asm


