MPLINK 5.08, LINKER
Linker Map File - Created Thu Feb 24 09:38:50 2022

                                 Section Info
                  Section       Type    Address   Location Size(Bytes)
                ---------  ---------  ---------  ---------  ---------
                   .org_0       code   0x000000    program   0x00003c
                   .cinit    romdata   0x00003c    program   0x000002
.config_300001_BUILD/DEFAULT/PRODUCTION/LAB4PB.    romdata   0x300001    program   0x000001
.config_300002_BUILD/DEFAULT/PRODUCTION/LAB4PB.    romdata   0x300002    program   0x000001
.config_300003_BUILD/DEFAULT/PRODUCTION/LAB4PB.    romdata   0x300003    program   0x000001
.config_300006_BUILD/DEFAULT/PRODUCTION/LAB4PB.    romdata   0x300006    program   0x000001



                              Program Memory Usage 
                               Start         End      
                           ---------   ---------      
                            0x000000    0x00003d      
                            0x300001    0x300003      
                            0x300006    0x300006      
            66 out of 66584 program addresses used, program memory utilization is 0%



                              Symbols - Sorted by Name
                     Name    Address   Location    Storage File                     
                ---------  ---------  ---------  --------- ---------                
                  CHECK_Z   0x000036    program     static D:\Documents\MPLABXProjects\ECE3301L\LAB4\PartB\Lab4pB.X\Lab4pB.asm
                     JUMP   0x000038    program     static D:\Documents\MPLABXProjects\ECE3301L\LAB4\PartB\Lab4pB.X\Lab4pB.asm
                MAIN_LOOP   0x000018    program     static D:\Documents\MPLABXProjects\ECE3301L\LAB4\PartB\Lab4pB.X\Lab4pB.asm
                    START   0x000000    program     static D:\Documents\MPLABXProjects\ECE3301L\LAB4\PartB\Lab4pB.X\Lab4pB.asm



                              Symbols - Sorted by Address
                     Name    Address   Location    Storage File                     
                ---------  ---------  ---------  --------- ---------                
                    START   0x000000    program     static D:\Documents\MPLABXProjects\ECE3301L\LAB4\PartB\Lab4pB.X\Lab4pB.asm
                MAIN_LOOP   0x000018    program     static D:\Documents\MPLABXProjects\ECE3301L\LAB4\PartB\Lab4pB.X\Lab4pB.asm
                  CHECK_Z   0x000036    program     static D:\Documents\MPLABXProjects\ECE3301L\LAB4\PartB\Lab4pB.X\Lab4pB.asm
                     JUMP   0x000038    program     static D:\Documents\MPLABXProjects\ECE3301L\LAB4\PartB\Lab4pB.X\Lab4pB.asm


