MPLINK 5.08, LINKER
Linker Map File - Created Mon Feb 21 17:55:15 2022

                                 Section Info
                  Section       Type    Address   Location Size(Bytes)
                ---------  ---------  ---------  ---------  ---------
                   .org_0       code   0x000000    program   0x000030
                   .cinit    romdata   0x000030    program   0x000002
.config_300001_BUILD/DEFAULT/PRODUCTION/LAB4PD.    romdata   0x300001    program   0x000001
.config_300002_BUILD/DEFAULT/PRODUCTION/LAB4PD.    romdata   0x300002    program   0x000001
.config_300003_BUILD/DEFAULT/PRODUCTION/LAB4PD.    romdata   0x300003    program   0x000001
.config_300006_BUILD/DEFAULT/PRODUCTION/LAB4PD.    romdata   0x300006    program   0x000001



                              Program Memory Usage 
                               Start         End      
                           ---------   ---------      
                            0x000000    0x000031      
                            0x300001    0x300003      
                            0x300006    0x300006      
            54 out of 66584 program addresses used, program memory utilization is 0%



                              Symbols - Sorted by Name
                     Name    Address   Location    Storage File                     
                ---------  ---------  ---------  --------- ---------                
                   LABEL1   0x00002a    program     static D:\Documents\MPLABXProjects\ECE3301L\LAB4\PartD\Lab4pD.X\Lab4pD.asm
                   LABEL2   0x00002c    program     static D:\Documents\MPLABXProjects\ECE3301L\LAB4\PartD\Lab4pD.X\Lab4pD.asm
                MAIN_LOOP   0x000014    program     static D:\Documents\MPLABXProjects\ECE3301L\LAB4\PartD\Lab4pD.X\Lab4pD.asm
                    START   0x000000    program     static D:\Documents\MPLABXProjects\ECE3301L\LAB4\PartD\Lab4pD.X\Lab4pD.asm



                              Symbols - Sorted by Address
                     Name    Address   Location    Storage File                     
                ---------  ---------  ---------  --------- ---------                
                    START   0x000000    program     static D:\Documents\MPLABXProjects\ECE3301L\LAB4\PartD\Lab4pD.X\Lab4pD.asm
                MAIN_LOOP   0x000014    program     static D:\Documents\MPLABXProjects\ECE3301L\LAB4\PartD\Lab4pD.X\Lab4pD.asm
                   LABEL1   0x00002a    program     static D:\Documents\MPLABXProjects\ECE3301L\LAB4\PartD\Lab4pD.X\Lab4pD.asm
                   LABEL2   0x00002c    program     static D:\Documents\MPLABXProjects\ECE3301L\LAB4\PartD\Lab4pD.X\Lab4pD.asm


